[    0.000000] Linux version 6.8.0-100-generic (buildd@lcy02-amd64-061) (x86_64-linux-gnu-gcc-13 (Ubuntu 13.3.0-6ubuntu2~24.04) 13.3.0, GNU ld (GNU Binutils for Ubuntu) 2.42) #100-Ubuntu SMP PREEMPT_DYNAMIC Tue Jan 13 16:40:06 UTC 2026 (Ubuntu 6.8.0-100.100-generic 6.8.12)
[    0.000000] Command line: BOOT_IMAGE=/boot/vmlinuz-6.8.0-100-generic root=UUID=8c89d5c6-fd10-46a5-a3cc-97a2bc02c8b5 ro splash
[    0.000000] KERNEL supported cpus:
[    0.000000]   Intel GenuineIntel
[    0.000000]   AMD AuthenticAMD
[    0.000000]   Hygon HygonGenuine
[    0.000000]   Centaur CentaurHauls
[    0.000000]   zhaoxin   Shanghai  
[    0.000000] BIOS-provided physical RAM map:
[    0.000000] BIOS-e820: [mem 0x0000000000000000-0x000000000009ffff] usable
[    0.000000] BIOS-e820: [mem 0x00000000000a0000-0x00000000000fffff] reserved
[    0.000000] BIOS-e820: [mem 0x0000000000100000-0x0000000009bfefff] usable
[    0.000000] BIOS-e820: [mem 0x0000000009bff000-0x0000000009ffffff] reserved
[    0.000000] BIOS-e820: [mem 0x000000000a000000-0x000000000a1fffff] usable
[    0.000000] BIOS-e820: [mem 0x000000000a200000-0x000000000a20efff] ACPI NVS
[    0.000000] BIOS-e820: [mem 0x000000000a20f000-0x000000000affffff] usable
[    0.000000] BIOS-e820: [mem 0x000000000b000000-0x000000000b01ffff] reserved
[    0.000000] BIOS-e820: [mem 0x000000000b020000-0x00000000b38cbfff] usable
[    0.000000] BIOS-e820: [mem 0x00000000b38cc000-0x00000000b38d0fff] ACPI data
[    0.000000] BIOS-e820: [mem 0x00000000b38d1000-0x00000000b8589fff] usable
[    0.000000] BIOS-e820: [mem 0x00000000b858a000-0x00000000b9cf0fff] reserved
[    0.000000] BIOS-e820: [mem 0x00000000b9cf1000-0x00000000b9d4afff] ACPI data
[    0.000000] BIOS-e820: [mem 0x00000000b9d4b000-0x00000000bb828fff] ACPI NVS
[    0.000000] BIOS-e820: [mem 0x00000000bb829000-0x00000000bc7fefff] reserved
[    0.000000] BIOS-e820: [mem 0x00000000bc7ff000-0x00000000bdffffff] usable
[    0.000000] BIOS-e820: [mem 0x00000000be000000-0x00000000bfffffff] reserved
[    0.000000] BIOS-e820: [mem 0x00000000f0000000-0x00000000f7ffffff] reserved
[    0.000000] BIOS-e820: [mem 0x00000000fd200000-0x00000000fd2fffff] reserved
[    0.000000] BIOS-e820: [mem 0x00000000fd600000-0x00000000fd6fffff] reserved
[    0.000000] BIOS-e820: [mem 0x00000000fea00000-0x00000000fea0ffff] reserved
[    0.000000] BIOS-e820: [mem 0x00000000feb80000-0x00000000fec01fff] reserved
[    0.000000] BIOS-e820: [mem 0x00000000fec10000-0x00000000fec10fff] reserved
[    0.000000] BIOS-e820: [mem 0x00000000fec30000-0x00000000fec30fff] reserved
[    0.000000] BIOS-e820: [mem 0x00000000fed00000-0x00000000fed00fff] reserved
[    0.000000] BIOS-e820: [mem 0x00000000fed40000-0x00000000fed44fff] reserved
[    0.000000] BIOS-e820: [mem 0x00000000fed80000-0x00000000fed8ffff] reserved
[    0.000000] BIOS-e820: [mem 0x00000000fedc2000-0x00000000fedcffff] reserved
[    0.000000] BIOS-e820: [mem 0x00000000fedd4000-0x00000000fedd5fff] reserved
[    0.000000] BIOS-e820: [mem 0x00000000ff000000-0x00000000ffffffff] reserved
[    0.000000] BIOS-e820: [mem 0x0000000100000000-0x000000083e2fffff] usable
[    0.000000] BIOS-e820: [mem 0x000000083e300000-0x000000083fffffff] reserved
[    0.000000] NX (Execute Disable) protection: active
[    0.000000] APIC: Static calls initialized
[    0.000000] e820: update [mem 0xb3851018-0xb386dc57] usable ==> usable
[    0.000000] e820: update [mem 0xb3851018-0xb386dc57] usable ==> usable
[    0.000000] e820: update [mem 0xb38d1018-0xb38de857] usable ==> usable
[    0.000000] e820: update [mem 0xb38d1018-0xb38de857] usable ==> usable
[    0.000000] extended physical RAM map:
[    0.000000] reserve setup_data: [mem 0x0000000000000000-0x000000000009ffff] usable
[    0.000000] reserve setup_data: [mem 0x00000000000a0000-0x00000000000fffff] reserved
[    0.000000] reserve setup_data: [mem 0x0000000000100000-0x0000000009bfefff] usable
[    0.000000] reserve setup_data: [mem 0x0000000009bff000-0x0000000009ffffff] reserved
[    0.000000] reserve setup_data: [mem 0x000000000a000000-0x000000000a1fffff] usable
[    0.000000] reserve setup_data: [mem 0x000000000a200000-0x000000000a20efff] ACPI NVS
[    0.000000] reserve setup_data: [mem 0x000000000a20f000-0x000000000affffff] usable
[    0.000000] reserve setup_data: [mem 0x000000000b000000-0x000000000b01ffff] reserved
[    0.000000] reserve setup_data: [mem 0x000000000b020000-0x00000000b3851017] usable
[    0.000000] reserve setup_data: [mem 0x00000000b3851018-0x00000000b386dc57] usable
[    0.000000] reserve setup_data: [mem 0x00000000b386dc58-0x00000000b38cbfff] usable
[    0.000000] reserve setup_data: [mem 0x00000000b38cc000-0x00000000b38d0fff] ACPI data
[    0.000000] reserve setup_data: [mem 0x00000000b38d1000-0x00000000b38d1017] usable
[    0.000000] reserve setup_data: [mem 0x00000000b38d1018-0x00000000b38de857] usable
[    0.000000] reserve setup_data: [mem 0x00000000b38de858-0x00000000b8589fff] usable
[    0.000000] reserve setup_data: [mem 0x00000000b858a000-0x00000000b9cf0fff] reserved
[    0.000000] reserve setup_data: [mem 0x00000000b9cf1000-0x00000000b9d4afff] ACPI data
[    0.000000] reserve setup_data: [mem 0x00000000b9d4b000-0x00000000bb828fff] ACPI NVS
[    0.000000] reserve setup_data: [mem 0x00000000bb829000-0x00000000bc7fefff] reserved
[    0.000000] reserve setup_data: [mem 0x00000000bc7ff000-0x00000000bdffffff] usable
[    0.000000] reserve setup_data: [mem 0x00000000be000000-0x00000000bfffffff] reserved
[    0.000000] reserve setup_data: [mem 0x00000000f0000000-0x00000000f7ffffff] reserved
[    0.000000] reserve setup_data: [mem 0x00000000fd200000-0x00000000fd2fffff] reserved
[    0.000000] reserve setup_data: [mem 0x00000000fd600000-0x00000000fd6fffff] reserved
[    0.000000] reserve setup_data: [mem 0x00000000fea00000-0x00000000fea0ffff] reserved
[    0.000000] reserve setup_data: [mem 0x00000000feb80000-0x00000000fec01fff] reserved
[    0.000000] reserve setup_data: [mem 0x00000000fec10000-0x00000000fec10fff] reserved
[    0.000000] reserve setup_data: [mem 0x00000000fec30000-0x00000000fec30fff] reserved
[    0.000000] reserve setup_data: [mem 0x00000000fed00000-0x00000000fed00fff] reserved
[    0.000000] reserve setup_data: [mem 0x00000000fed40000-0x00000000fed44fff] reserved
[    0.000000] reserve setup_data: [mem 0x00000000fed80000-0x00000000fed8ffff] reserved
[    0.000000] reserve setup_data: [mem 0x00000000fedc2000-0x00000000fedcffff] reserved
[    0.000000] reserve setup_data: [mem 0x00000000fedd4000-0x00000000fedd5fff] reserved
[    0.000000] reserve setup_data: [mem 0x00000000ff000000-0x00000000ffffffff] reserved
[    0.000000] reserve setup_data: [mem 0x0000000100000000-0x000000083e2fffff] usable
[    0.000000] reserve setup_data: [mem 0x000000083e300000-0x000000083fffffff] reserved
[    0.000000] efi: EFI v2.7 by American Megatrends
[    0.000000] efi: ACPI=0xb9d4a000 ACPI 2.0=0xb9d4a014 TPMFinalLog=0xba7bd000 SMBIOS=0xbc528000 SMBIOS 3.0=0xbc527000 MEMATTR=0xb3909018 ESRT=0xb34d5998 MOKvar=0xbc642000 INITRD=0xb395a698 RNG=0xb9d02018 TPMEventLog=0xb9cf5018 
[    0.000000] random: crng init done
[    0.000000] efi: Remove mem354: MMIO range=[0xf0000000-0xf7ffffff] (128MB) from e820 map
[    0.000000] e820: remove [mem 0xf0000000-0xf7ffffff] reserved
[    0.000000] efi: Remove mem355: MMIO range=[0xfd200000-0xfd2fffff] (1MB) from e820 map
[    0.000000] e820: remove [mem 0xfd200000-0xfd2fffff] reserved
[    0.000000] efi: Remove mem356: MMIO range=[0xfd600000-0xfd6fffff] (1MB) from e820 map
[    0.000000] e820: remove [mem 0xfd600000-0xfd6fffff] reserved
[    0.000000] efi: Not removing mem357: MMIO range=[0xfea00000-0xfea0ffff] (64KB) from e820 map
[    0.000000] efi: Remove mem358: MMIO range=[0xfeb80000-0xfec01fff] (0MB) from e820 map
[    0.000000] e820: remove [mem 0xfeb80000-0xfec01fff] reserved
[    0.000000] efi: Not removing mem359: MMIO range=[0xfec10000-0xfec10fff] (4KB) from e820 map
[    0.000000] efi: Not removing mem360: MMIO range=[0xfec30000-0xfec30fff] (4KB) from e820 map
[    0.000000] efi: Not removing mem361: MMIO range=[0xfed00000-0xfed00fff] (4KB) from e820 map
[    0.000000] efi: Not removing mem362: MMIO range=[0xfed40000-0xfed44fff] (20KB) from e820 map
[    0.000000] efi: Not removing mem363: MMIO range=[0xfed80000-0xfed8ffff] (64KB) from e820 map
[    0.000000] efi: Not removing mem364: MMIO range=[0xfedc2000-0xfedcffff] (56KB) from e820 map
[    0.000000] efi: Not removing mem365: MMIO range=[0xfedd4000-0xfedd5fff] (8KB) from e820 map
[    0.000000] efi: Remove mem366: MMIO range=[0xff000000-0xffffffff] (16MB) from e820 map
[    0.000000] e820: remove [mem 0xff000000-0xffffffff] reserved
[    0.000000] secureboot: Secure boot disabled
[    0.000000] SMBIOS 3.3.0 present.
[    0.000000] DMI: Daten Tecnologia Ltda DC5A-S/DA3PRO v5, BIOS A09T3 05/10/2024
[    0.000000] tsc: Fast TSC calibration failed
[    0.000000] e820: update [mem 0x00000000-0x00000fff] usable ==> reserved
[    0.000000] e820: remove [mem 0x000a0000-0x000fffff] usable
[    0.000000] last_pfn = 0x83e300 max_arch_pfn = 0x400000000
[    0.000000] MTRR map: 5 entries (3 fixed + 2 variable; max 20), built from 9 variable MTRRs
[    0.000000] x86/PAT: Configuration [0-7]: WB  WC  UC- UC  WB  WP  UC- WT  
[    0.000000] e820: update [mem 0xc0000000-0xffffffff] usable ==> reserved
[    0.000000] last_pfn = 0xbe000 max_arch_pfn = 0x400000000
[    0.000000] esrt: Reserving ESRT space from 0x00000000b34d5998 to 0x00000000b34d59d0.
[    0.000000] e820: update [mem 0xb34d5000-0xb34d5fff] usable ==> reserved
[    0.000000] Using GB pages for direct mapping
[    0.000000] secureboot: Secure boot disabled
[    0.000000] RAMDISK: [mem 0xa3950000-0xa863dfff]
[    0.000000] ACPI: Early table checksum verification disabled
[    0.000000] ACPI: RSDP 0x00000000B9D4A014 000024 (v02 daten )
[    0.000000] ACPI: XSDT 0x00000000B9D49728 0000F4 (v01 daten  DT02     01072009 AMI  01000013)
[    0.000000] ACPI: FACP 0x00000000B9D39000 000114 (v06 daten  DT02     01072009 AMI  00010013)
[    0.000000] ACPI: DSDT 0x00000000B9D2F000 009647 (v02 daten  DT02     01072009 INTL 20120913)
[    0.000000] ACPI: FACS 0x00000000BA7ED000 000040
[    0.000000] ACPI: MSDM 0x00000000B9D48000 000055 (v03 daten  A M I    01072009 AMI  01000013)
[    0.000000] ACPI: IVRS 0x00000000B9D47000 0000D0 (v02 AMD    AmdTable 00000001 AMD  00000001)
[    0.000000] ACPI: SSDT 0x00000000B9D3F000 0072B0 (v02 AMD    Artic    00000002 MSFT 04000000)
[    0.000000] ACPI: SSDT 0x00000000B9D3B000 003B86 (v01 AMD    AMD AOD  00000001 INTL 20120913)
[    0.000000] ACPI: SSDT 0x00000000B9D3A000 000221 (v02 daten  CPUSSDT  01072009 AMI  01072009)
[    0.000000] ACPI: FIDT 0x00000000B9D2E000 00009C (v01 daten  DT02     01072009 AMI  00010013)
[    0.000000] ACPI: MCFG 0x00000000B9D2D000 00003C (v01 daten  DT02     01072009 MSFT 00010013)
[    0.000000] ACPI: ASF! 0x00000000B9D2C000 0000A0 (v32 INTEL  D865GCH  00000001 TFSM 000F4240)
[    0.000000] ACPI: HPET 0x00000000B9D2B000 000038 (v01 daten  DT02     01072009 AMI  00000005)
[    0.000000] ACPI: FPDT 0x00000000B9D2A000 000044 (v01 daten  A M I    01072009 AMI  01000013)
[    0.000000] ACPI: VFCT 0x00000000B9D1B000 00E684 (v01 daten  DT02     00000001 AMD  31504F47)
[    0.000000] ACPI: TPM2 0x00000000B9D19000 00004C (v04 daten  DT02     00000001 AMI  00000000)
[    0.000000] ACPI: SSDT 0x00000000B9D13000 005354 (v02 AMD    AmdTable 00000001 AMD  00000001)
[    0.000000] ACPI: CRAT 0x00000000B9D12000 000EE8 (v01 AMD    AmdTable 00000001 AMD  00000001)
[    0.000000] ACPI: CDIT 0x00000000B9D11000 000029 (v01 AMD    AmdTable 00000001 AMD  00000001)
[    0.000000] ACPI: BGRT 0x00000000B9D1A000 000038 (v01 daten  DT02     01072009 AMI  00010013)
[    0.000000] ACPI: SSDT 0x00000000B9D10000 000259 (v01 AMD    ArticDGP 00000001 INTL 20120913)
[    0.000000] ACPI: SSDT 0x00000000B9D0E000 0010AC (v01 AMD    ArticTPX 00000001 INTL 20120913)
[    0.000000] ACPI: SSDT 0x00000000B9D0D000 00052C (v01 AMD    ArticNOI 00000001 INTL 20120913)
[    0.000000] ACPI: SSDT 0x00000000B9D09000 0037B0 (v01 AMD    ArticN   00000001 INTL 20120913)
[    0.000000] ACPI: WSMT 0x00000000B9D08000 000028 (v01 daten  DT02     01072009 AMI  00010013)
[    0.000000] ACPI: APIC 0x00000000B9D07000 00015E (v03 daten  DT02     01072009 AMI  00010013)
[    0.000000] ACPI: SSDT 0x00000000B9D06000 000497 (v01 AMD    ArticPRN 00000001 INTL 20120913)
[    0.000000] ACPI: SSDT 0x00000000B9D04000 0010AF (v01 AMD    ArticC   00000001 INTL 20120913)
[    0.000000] ACPI: SSDT 0x00000000B9D03000 0000BF (v01 AMD    AmdTable 00001000 INTL 20120913)
[    0.000000] ACPI: Reserving FACP table memory at [mem 0xb9d39000-0xb9d39113]
[    0.000000] ACPI: Reserving DSDT table memory at [mem 0xb9d2f000-0xb9d38646]
[    0.000000] ACPI: Reserving FACS table memory at [mem 0xba7ed000-0xba7ed03f]
[    0.000000] ACPI: Reserving MSDM table memory at [mem 0xb9d48000-0xb9d48054]
[    0.000000] ACPI: Reserving IVRS table memory at [mem 0xb9d47000-0xb9d470cf]
[    0.000000] ACPI: Reserving SSDT table memory at [mem 0xb9d3f000-0xb9d462af]
[    0.000000] ACPI: Reserving SSDT table memory at [mem 0xb9d3b000-0xb9d3eb85]
[    0.000000] ACPI: Reserving SSDT table memory at [mem 0xb9d3a000-0xb9d3a220]
[    0.000000] ACPI: Reserving FIDT table memory at [mem 0xb9d2e000-0xb9d2e09b]
[    0.000000] ACPI: Reserving MCFG table memory at [mem 0xb9d2d000-0xb9d2d03b]
[    0.000000] ACPI: Reserving ASF! table memory at [mem 0xb9d2c000-0xb9d2c09f]
[    0.000000] ACPI: Reserving HPET table memory at [mem 0xb9d2b000-0xb9d2b037]
[    0.000000] ACPI: Reserving FPDT table memory at [mem 0xb9d2a000-0xb9d2a043]
[    0.000000] ACPI: Reserving VFCT table memory at [mem 0xb9d1b000-0xb9d29683]
[    0.000000] ACPI: Reserving TPM2 table memory at [mem 0xb9d19000-0xb9d1904b]
[    0.000000] ACPI: Reserving SSDT table memory at [mem 0xb9d13000-0xb9d18353]
[    0.000000] ACPI: Reserving CRAT table memory at [mem 0xb9d12000-0xb9d12ee7]
[    0.000000] ACPI: Reserving CDIT table memory at [mem 0xb9d11000-0xb9d11028]
[    0.000000] ACPI: Reserving BGRT table memory at [mem 0xb9d1a000-0xb9d1a037]
[    0.000000] ACPI: Reserving SSDT table memory at [mem 0xb9d10000-0xb9d10258]
[    0.000000] ACPI: Reserving SSDT table memory at [mem 0xb9d0e000-0xb9d0f0ab]
[    0.000000] ACPI: Reserving SSDT table memory at [mem 0xb9d0d000-0xb9d0d52b]
[    0.000000] ACPI: Reserving SSDT table memory at [mem 0xb9d09000-0xb9d0c7af]
[    0.000000] ACPI: Reserving WSMT table memory at [mem 0xb9d08000-0xb9d08027]
[    0.000000] ACPI: Reserving APIC table memory at [mem 0xb9d07000-0xb9d0715d]
[    0.000000] ACPI: Reserving SSDT table memory at [mem 0xb9d06000-0xb9d06496]
[    0.000000] ACPI: Reserving SSDT table memory at [mem 0xb9d04000-0xb9d050ae]
[    0.000000] ACPI: Reserving SSDT table memory at [mem 0xb9d03000-0xb9d030be]
[    0.000000] No NUMA configuration found
[    0.000000] Faking a node at [mem 0x0000000000000000-0x000000083e2fffff]
[    0.000000] NODE_DATA(0) allocated [mem 0x83e2d5000-0x83e2fffff]
[    0.000000] Zone ranges:
[    0.000000]   DMA      [mem 0x0000000000001000-0x0000000000ffffff]
[    0.000000]   DMA32    [mem 0x0000000001000000-0x00000000ffffffff]
[    0.000000]   Normal   [mem 0x0000000100000000-0x000000083e2fffff]
[    0.000000]   Device   empty
[    0.000000] Movable zone start for each node
[    0.000000] Early memory node ranges
[    0.000000]   node   0: [mem 0x0000000000001000-0x000000000009ffff]
[    0.000000]   node   0: [mem 0x0000000000100000-0x0000000009bfefff]
[    0.000000]   node   0: [mem 0x000000000a000000-0x000000000a1fffff]
[    0.000000]   node   0: [mem 0x000000000a20f000-0x000000000affffff]
[    0.000000]   node   0: [mem 0x000000000b020000-0x00000000b38cbfff]
[    0.000000]   node   0: [mem 0x00000000b38d1000-0x00000000b8589fff]
[    0.000000]   node   0: [mem 0x00000000bc7ff000-0x00000000bdffffff]
[    0.000000]   node   0: [mem 0x0000000100000000-0x000000083e2fffff]
[    0.000000] Initmem setup node 0 [mem 0x0000000000001000-0x000000083e2fffff]
[    0.000000] On node 0, zone DMA: 1 pages in unavailable ranges
[    0.000000] On node 0, zone DMA: 96 pages in unavailable ranges
[    0.000000] On node 0, zone DMA32: 1025 pages in unavailable ranges
[    0.000000] On node 0, zone DMA32: 15 pages in unavailable ranges
[    0.000000] On node 0, zone DMA32: 32 pages in unavailable ranges
[    0.000000] On node 0, zone DMA32: 5 pages in unavailable ranges
[    0.000000] On node 0, zone DMA32: 17013 pages in unavailable ranges
[    0.000000] On node 0, zone Normal: 8192 pages in unavailable ranges
[    0.000000] On node 0, zone Normal: 7424 pages in unavailable ranges
[    0.000000] ACPI: PM-Timer IO Port: 0x808
[    0.000000] ACPI: LAPIC_NMI (acpi_id[0xff] high edge lint[0x1])
[    0.000000] IOAPIC[0]: apic_id 17, version 33, address 0xfec00000, GSI 0-23
[    0.000000] IOAPIC[1]: apic_id 18, version 33, address 0xfec01000, GSI 24-55
[    0.000000] ACPI: INT_SRC_OVR (bus 0 bus_irq 0 global_irq 2 dfl dfl)
[    0.000000] ACPI: INT_SRC_OVR (bus 0 bus_irq 9 global_irq 9 low level)
[    0.000000] ACPI: Using ACPI (MADT) for SMP configuration information
[    0.000000] ACPI: HPET id: 0x10228201 base: 0xfed00000
[    0.000000] e820: update [mem 0xb3e29000-0xb3f88fff] usable ==> reserved
[    0.000000] smpboot: Allowing 32 CPUs, 16 hotplug CPUs
[    0.000000] PM: hibernation: Registered nosave memory: [mem 0x00000000-0x00000fff]
[    0.000000] PM: hibernation: Registered nosave memory: [mem 0x000a0000-0x000fffff]
[    0.000000] PM: hibernation: Registered nosave memory: [mem 0x09bff000-0x09ffffff]
[    0.000000] PM: hibernation: Registered nosave memory: [mem 0x0a200000-0x0a20efff]
[    0.000000] PM: hibernation: Registered nosave memory: [mem 0x0b000000-0x0b01ffff]
[    0.000000] PM: hibernation: Registered nosave memory: [mem 0xb34d5000-0xb34d5fff]
[    0.000000] PM: hibernation: Registered nosave memory: [mem 0xb38cc000-0xb38d0fff]
[    0.000000] PM: hibernation: Registered nosave memory: [mem 0xb3e29000-0xb3f88fff]
[    0.000000] PM: hibernation: Registered nosave memory: [mem 0xb858a000-0xbc7fefff]
[    0.000000] PM: hibernation: Registered nosave memory: [mem 0xbe000000-0xffffffff]
[    0.000000] [mem 0xc0000000-0xfe9fffff] available for PCI devices
[    0.000000] Booting paravirtualized kernel on bare hardware
[    0.000000] clocksource: refined-jiffies: mask: 0xffffffff max_cycles: 0xffffffff, max_idle_ns: 1910969940391419 ns
[    0.000000] setup_percpu: NR_CPUS:8192 nr_cpumask_bits:32 nr_cpu_ids:32 nr_node_ids:1
[    0.000000] percpu: Embedded 86 pages/cpu s229376 r8192 d114688 u524288
[    0.000000] pcpu-alloc: s229376 r8192 d114688 u524288 alloc=1*2097152
[    0.000000] pcpu-alloc: [0] 00 01 02 03 [0] 04 05 06 07 
[    0.000000] pcpu-alloc: [0] 08 09 10 11 [0] 12 13 14 15 
[    0.000000] pcpu-alloc: [0] 16 17 18 19 [0] 20 21 22 23 
[    0.000000] pcpu-alloc: [0] 24 25 26 27 [0] 28 29 30 31 
[    0.000000] Kernel command line: BOOT_IMAGE=/boot/vmlinuz-6.8.0-100-generic root=UUID=8c89d5c6-fd10-46a5-a3cc-97a2bc02c8b5 ro splash
[    0.000000] Unknown kernel command line parameters "splash BOOT_IMAGE=/boot/vmlinuz-6.8.0-100-generic", will be passed to user space.
[    0.000000] Dentry cache hash table entries: 4194304 (order: 13, 33554432 bytes, linear)
[    0.000000] Inode-cache hash table entries: 2097152 (order: 12, 16777216 bytes, linear)
[    0.000000] Fallback order for Node 0: 0 
[    0.000000] Built 1 zonelists, mobility grouping on.  Total pages: 8224100
[    0.000000] Policy zone: Normal
[    0.000000] mem auto-init: stack:all(zero), heap alloc:on, heap free:off
[    0.000000] software IO TLB: area num 32.
[    0.000000] Memory: 32519012K/33419220K available (22528K kernel code, 4439K rwdata, 14400K rodata, 4920K init, 4788K bss, 899948K reserved, 0K cma-reserved)
[    0.000000] SLUB: HWalign=64, Order=0-3, MinObjects=0, CPUs=32, Nodes=1
[    0.000000] ftrace: allocating 58250 entries in 228 pages
[    0.000000] ftrace: allocated 228 pages with 4 groups
[    0.000000] Dynamic Preempt: voluntary
[    0.000000] rcu: Preemptible hierarchical RCU implementation.
[    0.000000] rcu: 	RCU restricting CPUs from NR_CPUS=8192 to nr_cpu_ids=32.
[    0.000000] 	Trampoline variant of Tasks RCU enabled.
[    0.000000] 	Rude variant of Tasks RCU enabled.
[    0.000000] 	Tracing variant of Tasks RCU enabled.
[    0.000000] rcu: RCU calculated value of scheduler-enlistment delay is 100 jiffies.
[    0.000000] rcu: Adjusting geometry for rcu_fanout_leaf=16, nr_cpu_ids=32
[    0.000000] RCU Tasks: Setting shift to 5 and lim to 1 rcu_task_cb_adjust=1 rcu_task_cpu_ids=32.
[    0.000000] RCU Tasks Rude: Setting shift to 5 and lim to 1 rcu_task_cb_adjust=1 rcu_task_cpu_ids=32.
[    0.000000] RCU Tasks Trace: Setting shift to 5 and lim to 1 rcu_task_cb_adjust=1 rcu_task_cpu_ids=32.
[    0.000000] NR_IRQS: 524544, nr_irqs: 1224, preallocated irqs: 16
[    0.000000] rcu: srcu_init: Setting srcu_struct sizes based on contention.
[    0.000000] Console: colour dummy device 80x25
[    0.000000] printk: legacy console [tty0] enabled
[    0.000000] ACPI: Core revision 20230628
[    0.000000] clocksource: hpet: mask: 0xffffffff max_cycles: 0xffffffff, max_idle_ns: 133484873504 ns
[    0.000000] APIC: Switch to symmetric I/O mode setup
[    0.000000] AMD-Vi: Using global IVHD EFR:0x206d73ef22254ade, EFR2:0x0
[    0.000000] x2apic enabled
[    0.000000] APIC: Switched APIC routing to: cluster x2apic
[    0.001000] ..TIMER: vector=0x30 apic1=0 pin1=2 apic2=-1 pin2=-1
[    0.007000] tsc: PIT calibration matches HPET. 1 loops
[    0.007000] tsc: Detected 3693.176 MHz processor
[    0.000002] clocksource: tsc-early: mask: 0xffffffffffffffff max_cycles: 0x6a784eee004, max_idle_ns: 881591119301 ns
[    0.000006] Calibrating delay loop (skipped), value calculated using timer frequency.. 7386.35 BogoMIPS (lpj=3693176)
[    0.000019] x86/cpu: User Mode Instruction Prevention (UMIP) activated
[    0.000040] LVT offset 1 assigned for vector 0xf9
[    0.000099] LVT offset 2 assigned for vector 0xf4
[    0.000116] process: using mwait in idle threads
[    0.000118] Last level iTLB entries: 4KB 512, 2MB 512, 4MB 256
[    0.000120] Last level dTLB entries: 4KB 2048, 2MB 2048, 4MB 1024, 1GB 0
[    0.000122] Spectre V1 : Mitigation: usercopy/swapgs barriers and __user pointer sanitization
[    0.000125] Spectre V2 : Mitigation: Retpolines
[    0.000126] Spectre V2 : Spectre v2 / SpectreRSB: Filling RSB on context switch and VMEXIT
[    0.000128] Spectre V2 : Enabling Restricted Speculation for firmware calls
[    0.000130] Spectre V2 : mitigation: Enabling conditional Indirect Branch Prediction Barrier
[    0.000132] Spectre V2 : User space: Mitigation: STIBP always-on protection
[    0.000134] Speculative Store Bypass: Mitigation: Speculative Store Bypass disabled via prctl
[    0.000136] active return thunk: srso_alias_return_thunk
[    0.000140] Speculative Return Stack Overflow: Mitigation: Safe RET
[    0.000141] Transient Scheduler Attacks: Vulnerable: Clear CPU buffers attempted, no microcode
[    0.000143] VMSCAPE: Mitigation: IBPB before exit to userspace
[    0.000148] x86/fpu: Supporting XSAVE feature 0x001: 'x87 floating point registers'
[    0.000150] x86/fpu: Supporting XSAVE feature 0x002: 'SSE registers'
[    0.000151] x86/fpu: Supporting XSAVE feature 0x004: 'AVX registers'
[    0.000152] x86/fpu: Supporting XSAVE feature 0x200: 'Protection Keys User registers'
[    0.000154] x86/fpu: Supporting XSAVE feature 0x800: 'Control-flow User registers'
[    0.000156] x86/fpu: xstate_offset[2]:  576, xstate_sizes[2]:  256
[    0.000158] x86/fpu: xstate_offset[9]:  832, xstate_sizes[9]:    8
[    0.000160] x86/fpu: xstate_offset[11]:  840, xstate_sizes[11]:   16
[    0.000161] x86/fpu: Enabled xstate features 0xa07, context size is 856 bytes, using 'compacted' format.
[    0.025617] Freeing SMP alternatives memory: 48K
[    0.025623] pid_max: default: 32768 minimum: 301
[    0.031054] LSM: initializing lsm=lockdown,capability,landlock,yama,apparmor,integrity
[    0.031078] landlock: Up and running.
[    0.031081] Yama: becoming mindful.
[    0.031107] AppArmor: AppArmor initialized
[    0.031184] Mount-cache hash table entries: 65536 (order: 7, 524288 bytes, linear)
[    0.031220] Mountpoint-cache hash table entries: 65536 (order: 7, 524288 bytes, linear)
[    0.135024] smpboot: CPU0: AMD Ryzen 7 5700 (family: 0x19, model: 0x50, stepping: 0x0)
[    0.135262] Performance Events: Fam17h+ core perfctr, AMD PMU driver.
[    0.135272] ... version:                0
[    0.135275] ... bit width:              48
[    0.135278] ... generic registers:      6
[    0.135281] ... value mask:             0000ffffffffffff
[    0.135285] ... max period:             00007fffffffffff
[    0.135288] ... fixed-purpose events:   0
[    0.135290] ... event mask:             000000000000003f
[    0.135382] signal: max sigframe size: 3376
[    0.135463] rcu: Hierarchical SRCU implementation.
[    0.135468] rcu: 	Max phase no-delay instances is 400.
[    0.138761] NMI watchdog: Enabled. Permanently consumes one hw-PMU counter.
[    0.139105] smp: Bringing up secondary CPUs ...
[    0.139239] smpboot: x86: Booting SMP configuration:
[    0.139244] .... node  #0, CPUs:        #1  #2  #3  #4  #5  #6  #7  #8  #9 #10 #11 #12 #13 #14 #15
[    0.151126] Spectre V2 : Update user space SMT mitigation: STIBP always-on
[    0.159052] smp: Brought up 1 node, 16 CPUs
[    0.159052] smpboot: Max logical packages: 2
[    0.159052] smpboot: Total of 16 processors activated (118181.63 BogoMIPS)
[    0.161134] devtmpfs: initialized
[    0.161134] x86/mm: Memory block size: 128MB
[    0.165140] ACPI: PM: Registering ACPI NVS region [mem 0x0a200000-0x0a20efff] (61440 bytes)
[    0.165140] ACPI: PM: Registering ACPI NVS region [mem 0xb9d4b000-0xbb828fff] (28172288 bytes)
[    0.165544] clocksource: jiffies: mask: 0xffffffff max_cycles: 0xffffffff, max_idle_ns: 1911260446275000 ns
[    0.165571] futex hash table entries: 8192 (order: 7, 524288 bytes, linear)
[    0.165667] pinctrl core: initialized pinctrl subsystem
[    0.165798] PM: RTC time: 07:52:34, date: 2026-02-20
[    0.166346] NET: Registered PF_NETLINK/PF_ROUTE protocol family
[    0.166644] DMA: preallocated 4096 KiB GFP_KERNEL pool for atomic allocations
[    0.166854] DMA: preallocated 4096 KiB GFP_KERNEL|GFP_DMA pool for atomic allocations
[    0.167098] DMA: preallocated 4096 KiB GFP_KERNEL|GFP_DMA32 pool for atomic allocations
[    0.167113] audit: initializing netlink subsys (disabled)
[    0.167124] audit: type=2000 audit(1771573954.174:1): state=initialized audit_enabled=0 res=1
[    0.167155] thermal_sys: Registered thermal governor 'fair_share'
[    0.167157] thermal_sys: Registered thermal governor 'bang_bang'
[    0.167161] thermal_sys: Registered thermal governor 'step_wise'
[    0.167165] thermal_sys: Registered thermal governor 'user_space'
[    0.167168] thermal_sys: Registered thermal governor 'power_allocator'
[    0.167192] cpuidle: using governor ladder
[    0.167192] cpuidle: using governor menu
[    0.167192] acpiphp: ACPI Hot Plug PCI Controller Driver version: 0.5
[    0.167192] PCI: ECAM [mem 0xf0000000-0xf7ffffff] (base 0xf0000000) for domain 0000 [bus 00-7f]
[    0.167192] PCI: Using configuration type 1 for base access
[    0.167329] kprobes: kprobe jump-optimization is enabled. All kprobes are optimized if possible.
[    0.168037] HugeTLB: registered 1.00 GiB page size, pre-allocated 0 pages
[    0.168044] HugeTLB: 16380 KiB vmemmap can be freed for a 1.00 GiB page
[    0.168050] HugeTLB: registered 2.00 MiB page size, pre-allocated 0 pages
[    0.168054] HugeTLB: 28 KiB vmemmap can be freed for a 2.00 MiB page
[    0.168129] fbcon: Taking over console
[    0.168181] ACPI: Added _OSI(Module Device)
[    0.168186] ACPI: Added _OSI(Processor Device)
[    0.168190] ACPI: Added _OSI(Processor Aggregator Device)
[    0.173435] ACPI BIOS Error (bug): Failure creating named object [\_SB.PCI0.GPP3.PTXH], AE_ALREADY_EXISTS (20230628/dswload2-326)
[    0.173457] ACPI Error: AE_ALREADY_EXISTS, During name lookup/catalog (20230628/psobject-220)
[    0.173464] ACPI: Skipping parse of AML opcode: Device (0x5B82)
[    0.173579] ACPI BIOS Error (bug): Failure creating named object [\_GPE._L08], AE_ALREADY_EXISTS (20230628/dswload2-326)
[    0.173590] ACPI Error: AE_ALREADY_EXISTS, During name lookup/catalog (20230628/psobject-220)
[    0.173596] ACPI: Skipping parse of AML opcode: Method (0x0014)
[    0.192963] ACPI: 12 ACPI AML tables successfully acquired and loaded
[    0.195991] ACPI: [Firmware Bug]: BIOS _OSI(Linux) query ignored
[    0.202030] ACPI: _OSC evaluation for CPUs failed, trying _PDC
[    0.203537] ACPI: Interpreter enabled
[    0.203559] ACPI: PM: (supports S0 S3 S4 S5)
[    0.203562] ACPI: Using IOAPIC for interrupt routing
[    0.205604] PCI: Using host bridge windows from ACPI; if necessary, use "pci=nocrs" and report a bug
[    0.205610] PCI: Ignoring E820 reservations for host bridge windows
[    0.206436] ACPI: Enabled 7 GPEs in block 00 to 1F
[    0.229114] ACPI: PCI Root Bridge [PCI0] (domain 0000 [bus 00-ff])
[    0.229123] acpi PNP0A08:00: _OSC: OS supports [ExtendedConfig ASPM ClockPM Segments MSI EDR HPX-Type3]
[    0.229271] acpi PNP0A08:00: _OSC: platform does not support [SHPCHotplug LTR DPC]
[    0.229532] acpi PNP0A08:00: _OSC: OS now controls [PCIeHotplug PME AER PCIeCapability]
[    0.229548] acpi PNP0A08:00: [Firmware Info]: ECAM [mem 0xf0000000-0xf7ffffff] for domain 0000 [bus 00-7f] only partially covers this bridge
[    0.230164] PCI host bridge to bus 0000:00
[    0.230168] pci_bus 0000:00: root bus resource [io  0x0000-0x03af window]
[    0.230173] pci_bus 0000:00: root bus resource [io  0x03e0-0x0cf7 window]
[    0.230178] pci_bus 0000:00: root bus resource [io  0x03b0-0x03df window]
[    0.230182] pci_bus 0000:00: root bus resource [io  0x0d00-0xffff window]
[    0.230186] pci_bus 0000:00: root bus resource [mem 0x000a0000-0x000dffff window]
[    0.230191] pci_bus 0000:00: root bus resource [mem 0xc0000000-0xfec2ffff window]
[    0.230196] pci_bus 0000:00: root bus resource [mem 0xfee00000-0xffffffff window]
[    0.230201] pci_bus 0000:00: root bus resource [bus 00-ff]
[    0.230221] pci 0000:00:00.0: [1022:1630] type 00 class 0x060000 conventional PCI endpoint
[    0.230348] pci 0000:00:00.2: [1022:1631] type 00 class 0x080600 conventional PCI endpoint
[    0.230465] pci 0000:00:01.0: [1022:1632] type 00 class 0x060000 conventional PCI endpoint
[    0.230536] pci 0000:00:01.1: [1022:1633] type 01 class 0x060400 PCIe Root Port
[    0.230553] pci 0000:00:01.1: PCI bridge to [bus 01]
[    0.230559] pci 0000:00:01.1:   bridge window [io  0xf000-0xffff]
[    0.230565] pci 0000:00:01.1:   bridge window [mem 0xfcf00000-0xfcffffff]
[    0.230573] pci 0000:00:01.1:   bridge window [mem 0xd0000000-0xe01fffff 64bit pref]
[    0.230615] pci 0000:00:01.1: PME# supported from D0 D3hot D3cold
[    0.231455] pci 0000:00:02.0: [1022:1632] type 00 class 0x060000 conventional PCI endpoint
[    0.231530] pci 0000:00:02.1: [1022:1634] type 01 class 0x060400 PCIe Root Port
[    0.231547] pci 0000:00:02.1: PCI bridge to [bus 02-05]
[    0.231553] pci 0000:00:02.1:   bridge window [io  0xd000-0xefff]
[    0.231558] pci 0000:00:02.1:   bridge window [mem 0xfcb00000-0xfcdfffff]
[    0.231572] pci 0000:00:02.1: enabling Extended Tags
[    0.231608] pci 0000:00:02.1: PME# supported from D0 D3hot D3cold
[    0.231757] pci 0000:00:02.2: [1022:1634] type 01 class 0x060400 PCIe Root Port
[    0.231774] pci 0000:00:02.2: PCI bridge to [bus 06]
[    0.231781] pci 0000:00:02.2:   bridge window [mem 0xfce00000-0xfcefffff]
[    0.231795] pci 0000:00:02.2: enabling Extended Tags
[    0.231830] pci 0000:00:02.2: PME# supported from D0 D3hot D3cold
[    0.231942] pci 0000:00:08.0: [1022:1632] type 00 class 0x060000 conventional PCI endpoint
[    0.232025] pci 0000:00:08.1: [1022:1635] type 01 class 0x060400 PCIe Root Port
[    0.232042] pci 0000:00:08.1: PCI bridge to [bus 07]
[    0.232049] pci 0000:00:08.1:   bridge window [mem 0xfc700000-0xfcafffff]
[    0.232062] pci 0000:00:08.1: enabling Extended Tags
[    0.232099] pci 0000:00:08.1: PME# supported from D0 D3hot D3cold
[    0.232268] pci 0000:00:14.0: [1022:790b] type 00 class 0x0c0500 conventional PCI endpoint
[    0.232398] pci 0000:00:14.3: [1022:790e] type 00 class 0x060100 conventional PCI endpoint
[    0.232559] pci 0000:00:18.0: [1022:166a] type 00 class 0x060000 conventional PCI endpoint
[    0.232605] pci 0000:00:18.1: [1022:166b] type 00 class 0x060000 conventional PCI endpoint
[    0.232650] pci 0000:00:18.2: [1022:166c] type 00 class 0x060000 conventional PCI endpoint
[    0.232697] pci 0000:00:18.3: [1022:166d] type 00 class 0x060000 conventional PCI endpoint
[    0.232742] pci 0000:00:18.4: [1022:166e] type 00 class 0x060000 conventional PCI endpoint
[    0.232790] pci 0000:00:18.5: [1022:166f] type 00 class 0x060000 conventional PCI endpoint
[    0.232835] pci 0000:00:18.6: [1022:1670] type 00 class 0x060000 conventional PCI endpoint
[    0.232879] pci 0000:00:18.7: [1022:1671] type 00 class 0x060000 conventional PCI endpoint
[    0.233003] pci 0000:01:00.0: [1002:699f] type 00 class 0x030000 PCIe Legacy Endpoint
[    0.233043] pci 0000:01:00.0: BAR 0 [mem 0xd0000000-0xdfffffff 64bit pref]
[    0.233049] pci 0000:01:00.0: BAR 2 [mem 0xe0000000-0xe01fffff 64bit pref]
[    0.233055] pci 0000:01:00.0: BAR 4 [io  0xf000-0xf0ff]
[    0.233060] pci 0000:01:00.0: BAR 5 [mem 0xfcf00000-0xfcf3ffff]
[    0.233064] pci 0000:01:00.0: ROM [mem 0xfcf40000-0xfcf5ffff pref]
[    0.233151] pci 0000:01:00.0: supports D1 D2
[    0.233154] pci 0000:01:00.0: PME# supported from D1 D2 D3hot D3cold
[    0.233341] pci 0000:01:00.1: [1002:aae0] type 00 class 0x040300 PCIe Legacy Endpoint
[    0.233379] pci 0000:01:00.1: BAR 0 [mem 0xfcf60000-0xfcf63fff 64bit]
[    0.233441] pci 0000:01:00.1: supports D1 D2
[    0.233573] pci 0000:00:01.1: PCI bridge to [bus 01]
[    0.233657] pci 0000:02:00.0: [1022:43ec] type 00 class 0x0c0330 PCIe Legacy Endpoint
[    0.233698] pci 0000:02:00.0: BAR 0 [mem 0xfcda0000-0xfcda7fff 64bit]
[    0.233712] pci 0000:02:00.0: enabling Extended Tags
[    0.233770] pci 0000:02:00.0: PME# supported from D3hot D3cold
[    0.233930] pci 0000:02:00.1: [1022:43eb] type 00 class 0x010601 PCIe Legacy Endpoint
[    0.233975] pci 0000:02:00.1: BAR 5 [mem 0xfcd80000-0xfcd9ffff]
[    0.233980] pci 0000:02:00.1: ROM [mem 0xfcd00000-0xfcd7ffff pref]
[    0.233990] pci 0000:02:00.1: enabling Extended Tags
[    0.234037] pci 0000:02:00.1: PME# supported from D3hot D3cold
[    0.234146] pci 0000:02:00.2: [1022:43e9] type 01 class 0x060400 PCIe Switch Upstream Port
[    0.234175] pci 0000:02:00.2: PCI bridge to [bus 03-05]
[    0.234183] pci 0000:02:00.2:   bridge window [io  0xd000-0xefff]
[    0.234189] pci 0000:02:00.2:   bridge window [mem 0xfcb00000-0xfccfffff]
[    0.234212] pci 0000:02:00.2: enabling Extended Tags
[    0.234262] pci 0000:02:00.2: PME# supported from D3hot D3cold
[    0.234401] pci 0000:00:02.1: PCI bridge to [bus 02-05]
[    0.234558] pci 0000:03:01.0: [1022:43ea] type 01 class 0x060400 PCIe Switch Downstream Port
[    0.234588] pci 0000:03:01.0: PCI bridge to [bus 04]
[    0.234596] pci 0000:03:01.0:   bridge window [io  0xe000-0xefff]
[    0.234602] pci 0000:03:01.0:   bridge window [mem 0xfcc00000-0xfccfffff]
[    0.234627] pci 0000:03:01.0: enabling Extended Tags
[    0.234688] pci 0000:03:01.0: PME# supported from D3hot D3cold
[    0.234819] pci 0000:03:03.0: [1022:43ea] type 01 class 0x060400 PCIe Switch Downstream Port
[    0.234849] pci 0000:03:03.0: PCI bridge to [bus 05]
[    0.234857] pci 0000:03:03.0:   bridge window [io  0xd000-0xdfff]
[    0.234863] pci 0000:03:03.0:   bridge window [mem 0xfcb00000-0xfcbfffff]
[    0.234888] pci 0000:03:03.0: enabling Extended Tags
[    0.234948] pci 0000:03:03.0: PME# supported from D3hot D3cold
[    0.235087] pci 0000:02:00.2: PCI bridge to [bus 03-05]
[    0.235163] pci 0000:04:00.0: [10ec:816e] type 00 class 0xff0000 PCIe Endpoint
[    0.235231] pci 0000:04:00.0: BAR 0 [io  0xec00-0xecff]
[    0.235240] pci 0000:04:00.0: BAR 2 [mem 0xfcc15000-0xfcc15fff 64bit]
[    0.235248] pci 0000:04:00.0: BAR 4 [mem 0xfcc0c000-0xfcc0ffff 64bit]
[    0.235263] pci 0000:04:00.0: enabling Extended Tags
[    0.235396] pci 0000:04:00.0: supports D1 D2
[    0.235399] pci 0000:04:00.0: PME# supported from D0 D1 D2 D3hot D3cold
[    0.235641] pci 0000:04:00.1: [10ec:8168] type 00 class 0x020000 PCIe Endpoint
[    0.235710] pci 0000:04:00.1: BAR 0 [io  0xe800-0xe8ff]
[    0.235719] pci 0000:04:00.1: BAR 2 [mem 0xfcc14000-0xfcc14fff 64bit]
[    0.235727] pci 0000:04:00.1: BAR 4 [mem 0xfcc08000-0xfcc0bfff 64bit]
[    0.235742] pci 0000:04:00.1: enabling Extended Tags
[    0.235844] pci 0000:04:00.1: supports D1 D2
[    0.235848] pci 0000:04:00.1: PME# supported from D0 D1 D2 D3hot D3cold
[    0.236017] pci 0000:04:00.2: [10ec:816a] type 00 class 0x070002 PCIe Endpoint
[    0.236085] pci 0000:04:00.2: BAR 0 [io  0xe400-0xe4ff]
[    0.236094] pci 0000:04:00.2: BAR 2 [mem 0xfcc13000-0xfcc13fff 64bit]
[    0.236101] pci 0000:04:00.2: BAR 4 [mem 0xfcc04000-0xfcc07fff 64bit]
[    0.236117] pci 0000:04:00.2: enabling Extended Tags
[    0.236224] pci 0000:04:00.2: supports D1 D2
[    0.236228] pci 0000:04:00.2: PME# supported from D0 D1 D2 D3hot D3cold
[    0.236397] pci 0000:04:00.4: [10ec:816d] type 00 class 0x0c0320 PCIe Endpoint
[    0.236467] pci 0000:04:00.4: BAR 0 [mem 0xfcc12000-0xfcc12fff 64bit]
[    0.236474] pci 0000:04:00.4: BAR 2 [mem 0xfcc00000-0xfcc03fff 64bit]
[    0.236493] pci 0000:04:00.4: enabling Extended Tags
[    0.236754] pci 0000:04:00.7: [10ec:816c] type 00 class 0x0c0701 PCIe Endpoint
[    0.236822] pci 0000:04:00.7: BAR 0 [io  0xe000-0xe0ff]
[    0.236831] pci 0000:04:00.7: BAR 2 [mem 0xfcc11000-0xfcc11fff 64bit]
[    0.236838] pci 0000:04:00.7: BAR 4 [mem 0xfcc10000-0xfcc10fff 64bit]
[    0.236853] pci 0000:04:00.7: enabling Extended Tags
[    0.236956] pci 0000:04:00.7: supports D1 D2
[    0.236959] pci 0000:04:00.7: PME# supported from D0 D1 D3hot D3cold
[    0.237177] pci 0000:03:01.0: PCI bridge to [bus 04]
[    0.237287] pci 0000:05:00.0: [10ec:c822] type 00 class 0x028000 PCIe Endpoint
[    0.237377] pci 0000:05:00.0: BAR 0 [io  0xd000-0xd0ff]
[    0.237388] pci 0000:05:00.0: BAR 2 [mem 0xfcb00000-0xfcb0ffff 64bit]
[    0.237547] pci 0000:05:00.0: supports D1 D2
[    0.237550] pci 0000:05:00.0: PME# supported from D0 D1 D2 D3hot D3cold
[    0.237837] pci 0000:03:03.0: PCI bridge to [bus 05]
[    0.237962] pci 0000:06:00.0: [1d97:5216] type 00 class 0x010802 PCIe Endpoint
[    0.237999] pci 0000:06:00.0: BAR 0 [mem 0xfce20000-0xfce23fff 64bit]
[    0.238010] pci 0000:06:00.0: ROM [mem 0xfce00000-0xfce1ffff pref]
[    0.238188] pci 0000:00:02.2: PCI bridge to [bus 06]
[    0.238294] pci 0000:07:00.0: [1022:145a] type 00 class 0x130000 PCIe Legacy Endpoint
[    0.238326] pci 0000:07:00.0: enabling Extended Tags
[    0.238495] pci 0000:07:00.1: [1002:1637] type 00 class 0x040300 PCIe Legacy Endpoint
[    0.238522] pci 0000:07:00.1: BAR 0 [mem 0xfca08000-0xfca0bfff]
[    0.238533] pci 0000:07:00.1: enabling Extended Tags
[    0.238568] pci 0000:07:00.1: PME# supported from D1 D2 D3hot D3cold
[    0.238662] pci 0000:07:00.2: [1022:15df] type 00 class 0x108000 PCIe Endpoint
[    0.238689] pci 0000:07:00.2: BAR 2 [mem 0xfc900000-0xfc9fffff]
[    0.238695] pci 0000:07:00.2: BAR 5 [mem 0xfca0c000-0xfca0dfff]
[    0.238703] pci 0000:07:00.2: enabling Extended Tags
[    0.238826] pci 0000:07:00.3: [1022:1639] type 00 class 0x0c0330 PCIe Endpoint
[    0.238852] pci 0000:07:00.3: BAR 0 [mem 0xfc800000-0xfc8fffff 64bit]
[    0.238863] pci 0000:07:00.3: enabling Extended Tags
[    0.238899] pci 0000:07:00.3: PME# supported from D0 D3hot D3cold
[    0.239003] pci 0000:07:00.4: [1022:1639] type 00 class 0x0c0330 PCIe Endpoint
[    0.239032] pci 0000:07:00.4: BAR 0 [mem 0xfc700000-0xfc7fffff 64bit]
[    0.239042] pci 0000:07:00.4: enabling Extended Tags
[    0.239079] pci 0000:07:00.4: PME# supported from D0 D3hot D3cold
[    0.239181] pci 0000:07:00.6: [1022:15e3] type 00 class 0x040300 PCIe Endpoint
[    0.239207] pci 0000:07:00.6: BAR 0 [mem 0xfca00000-0xfca07fff]
[    0.239218] pci 0000:07:00.6: enabling Extended Tags
[    0.239253] pci 0000:07:00.6: PME# supported from D0 D3hot D3cold
[    0.239365] pci 0000:00:08.1: PCI bridge to [bus 07]
[    0.240719] ACPI: PCI: Interrupt link LNKA configured for IRQ 0
[    0.240800] ACPI: PCI: Interrupt link LNKB configured for IRQ 0
[    0.240871] ACPI: PCI: Interrupt link LNKC configured for IRQ 0
[    0.240957] ACPI: PCI: Interrupt link LNKD configured for IRQ 0
[    0.241037] ACPI: PCI: Interrupt link LNKE configured for IRQ 0
[    0.241103] ACPI: PCI: Interrupt link LNKF configured for IRQ 0
[    0.241168] ACPI: PCI: Interrupt link LNKG configured for IRQ 0
[    0.241233] ACPI: PCI: Interrupt link LNKH configured for IRQ 0
[    0.242529] iommu: Default domain type: Translated
[    0.242529] iommu: DMA domain TLB invalidation policy: lazy mode
[    0.242529] SCSI subsystem initialized
[    0.242529] libata version 3.00 loaded.
[    0.242529] ACPI: bus type USB registered
[    0.242529] usbcore: registered new interface driver usbfs
[    0.242529] usbcore: registered new interface driver hub
[    0.242529] usbcore: registered new device driver usb
[    0.242529] pps_core: LinuxPPS API ver. 1 registered
[    0.242529] pps_core: Software ver. 5.3.6 - Copyright 2005-2007 Rodolfo Giometti <giometti@linux.it>
[    0.242529] PTP clock support registered
[    0.243029] EDAC MC: Ver: 3.0.0
[    0.243129] efivars: Registered efivars operations
[    0.243249] NetLabel: Initializing
[    0.243253] NetLabel:  domain hash size = 128
[    0.243256] NetLabel:  protocols = UNLABELED CIPSOv4 CALIPSO
[    0.243280] NetLabel:  unlabeled traffic allowed by default
[    0.243299] mctp: management component transport protocol core
[    0.243299] NET: Registered PF_MCTP protocol family
[    0.243299] PCI: Using ACPI for IRQ routing
[    0.247821] PCI: pci_cache_line_size set to 64 bytes
[    0.248018] e820: reserve RAM buffer [mem 0x09bff000-0x0bffffff]
[    0.248020] e820: reserve RAM buffer [mem 0x0a200000-0x0bffffff]
[    0.248021] e820: reserve RAM buffer [mem 0x0b000000-0x0bffffff]
[    0.248023] e820: reserve RAM buffer [mem 0xb34d5000-0xb3ffffff]
[    0.248024] e820: reserve RAM buffer [mem 0xb3851018-0xb3ffffff]
[    0.248026] e820: reserve RAM buffer [mem 0xb38cc000-0xb3ffffff]
[    0.248027] e820: reserve RAM buffer [mem 0xb38d1018-0xb3ffffff]
[    0.248028] e820: reserve RAM buffer [mem 0xb3e29000-0xb3ffffff]
[    0.248030] e820: reserve RAM buffer [mem 0xb858a000-0xbbffffff]
[    0.248031] e820: reserve RAM buffer [mem 0xbe000000-0xbfffffff]
[    0.248032] e820: reserve RAM buffer [mem 0x83e300000-0x83fffffff]
[    0.248107] pci 0000:01:00.0: vgaarb: setting as boot VGA device
[    0.248107] pci 0000:01:00.0: vgaarb: bridge control possible
[    0.248107] pci 0000:01:00.0: vgaarb: VGA device added: decodes=io+mem,owns=none,locks=none
[    0.248107] vgaarb: loaded
[    0.248107] hpet0: at MMIO 0xfed00000, IRQs 2, 8, 0
[    0.248107] hpet0: 3 comparators, 32-bit 14.318180 MHz counter
[    0.250063] clocksource: Switched to clocksource tsc-early
[    0.250913] VFS: Disk quotas dquot_6.6.0
[    0.250933] VFS: Dquot-cache hash table entries: 512 (order 0, 4096 bytes)
[    0.251091] AppArmor: AppArmor Filesystem Enabled
[    0.251125] pnp: PnP ACPI init
[    0.251232] system 00:00: [mem 0xf0000000-0xf7ffffff] has been reserved
[    0.251332] system 00:01: [mem 0x1000000000000 window] could not be reserved
[    0.251939] system 00:03: [io  0x0a00-0x0a1f] has been reserved
[    0.251945] system 00:03: [io  0x0a20-0x0a2f] has been reserved
[    0.251949] system 00:03: [io  0x0a30-0x0a3f] has been reserved
[    0.251953] system 00:03: [io  0x0a40-0x0a4f] has been reserved
[    0.251957] system 00:03: [io  0x0a50-0x0a5f] has been reserved
[    0.251962] system 00:03: [io  0x0a60-0x0a7f] has been reserved
[    0.251966] system 00:03: [io  0x0a80-0x0a9f] has been reserved
[    0.251970] system 00:03: [io  0x0aa0-0x0aaf] has been reserved
[    0.252598] pnp 00:04: [dma 3]
[    0.253219] pnp 00:05: [dma 0 disabled]
[    0.253660] pnp 00:06: [dma 0 disabled]
[    0.254050] system 00:07: [io  0x04d0-0x04d1] has been reserved
[    0.254056] system 00:07: [io  0x040b] has been reserved
[    0.254060] system 00:07: [io  0x04d6] has been reserved
[    0.254064] system 00:07: [io  0x0c00-0x0c01] has been reserved
[    0.254068] system 00:07: [io  0x0c14] has been reserved
[    0.254072] system 00:07: [io  0x0c50-0x0c51] has been reserved
[    0.254076] system 00:07: [io  0x0c52] has been reserved
[    0.254080] system 00:07: [io  0x0c6c] has been reserved
[    0.254084] system 00:07: [io  0x0c6f] has been reserved
[    0.254088] system 00:07: [io  0x0cd8-0x0cdf] has been reserved
[    0.254092] system 00:07: [io  0x0800-0x089f] has been reserved
[    0.254096] system 00:07: [io  0x0b00-0x0b0f] has been reserved
[    0.254101] system 00:07: [io  0x0b20-0x0b3f] has been reserved
[    0.254105] system 00:07: [io  0x0900-0x090f] has been reserved
[    0.254109] system 00:07: [io  0x0910-0x091f] has been reserved
[    0.254113] system 00:07: [mem 0xfec00000-0xfec00fff] could not be reserved
[    0.254118] system 00:07: [mem 0xfec01000-0xfec01fff] could not be reserved
[    0.254123] system 00:07: [mem 0xfedc0000-0xfedc0fff] has been reserved
[    0.254127] system 00:07: [mem 0xfee00000-0xfee00fff] has been reserved
[    0.254132] system 00:07: [mem 0xfed80000-0xfed8ffff] could not be reserved
[    0.254136] system 00:07: [mem 0xfec10000-0xfec10fff] has been reserved
[    0.254141] system 00:07: [mem 0xff000000-0xffffffff] has been reserved
[    0.255219] pnp: PnP ACPI: found 8 devices
[    0.261339] clocksource: acpi_pm: mask: 0xffffff max_cycles: 0xffffff, max_idle_ns: 2085701024 ns
[    0.261439] NET: Registered PF_INET protocol family
[    0.261607] IP idents hash table entries: 262144 (order: 9, 2097152 bytes, linear)
[    0.274918] tcp_listen_portaddr_hash hash table entries: 16384 (order: 6, 262144 bytes, linear)
[    0.274950] Table-perturb hash table entries: 65536 (order: 6, 262144 bytes, linear)
[    0.275079] TCP established hash table entries: 262144 (order: 9, 2097152 bytes, linear)
[    0.275328] TCP bind hash table entries: 65536 (order: 9, 2097152 bytes, linear)
[    0.275422] TCP: Hash tables configured (established 262144 bind 65536)
[    0.275562] MPTCP token hash table entries: 32768 (order: 7, 786432 bytes, linear)
[    0.275616] UDP hash table entries: 16384 (order: 7, 524288 bytes, linear)
[    0.275680] UDP-Lite hash table entries: 16384 (order: 7, 524288 bytes, linear)
[    0.275797] NET: Registered PF_UNIX/PF_LOCAL protocol family
[    0.275807] NET: Registered PF_XDP protocol family
[    0.275828] pci 0000:00:01.1: PCI bridge to [bus 01]
[    0.275834] pci 0000:00:01.1:   bridge window [io  0xf000-0xffff]
[    0.275840] pci 0000:00:01.1:   bridge window [mem 0xfcf00000-0xfcffffff]
[    0.275846] pci 0000:00:01.1:   bridge window [mem 0xd0000000-0xe01fffff 64bit pref]
[    0.275854] pci 0000:03:01.0: PCI bridge to [bus 04]
[    0.275863] pci 0000:03:01.0:   bridge window [io  0xe000-0xefff]
[    0.275870] pci 0000:03:01.0:   bridge window [mem 0xfcc00000-0xfccfffff]
[    0.275880] pci 0000:03:03.0: PCI bridge to [bus 05]
[    0.275885] pci 0000:03:03.0:   bridge window [io  0xd000-0xdfff]
[    0.275892] pci 0000:03:03.0:   bridge window [mem 0xfcb00000-0xfcbfffff]
[    0.275902] pci 0000:02:00.2: PCI bridge to [bus 03-05]
[    0.275907] pci 0000:02:00.2:   bridge window [io  0xd000-0xefff]
[    0.275914] pci 0000:02:00.2:   bridge window [mem 0xfcb00000-0xfccfffff]
[    0.275924] pci 0000:00:02.1: PCI bridge to [bus 02-05]
[    0.275928] pci 0000:00:02.1:   bridge window [io  0xd000-0xefff]
[    0.275933] pci 0000:00:02.1:   bridge window [mem 0xfcb00000-0xfcdfffff]
[    0.275941] pci 0000:00:02.2: PCI bridge to [bus 06]
[    0.275946] pci 0000:00:02.2:   bridge window [mem 0xfce00000-0xfcefffff]
[    0.275954] pci 0000:00:08.1: PCI bridge to [bus 07]
[    0.275959] pci 0000:00:08.1:   bridge window [mem 0xfc700000-0xfcafffff]
[    0.275967] pci_bus 0000:00: resource 4 [io  0x0000-0x03af window]
[    0.275972] pci_bus 0000:00: resource 5 [io  0x03e0-0x0cf7 window]
[    0.275976] pci_bus 0000:00: resource 6 [io  0x03b0-0x03df window]
[    0.275980] pci_bus 0000:00: resource 7 [io  0x0d00-0xffff window]
[    0.275984] pci_bus 0000:00: resource 8 [mem 0x000a0000-0x000dffff window]
[    0.275988] pci_bus 0000:00: resource 9 [mem 0xc0000000-0xfec2ffff window]
[    0.275993] pci_bus 0000:00: resource 10 [mem 0xfee00000-0xffffffff window]
[    0.275997] pci_bus 0000:01: resource 0 [io  0xf000-0xffff]
[    0.276001] pci_bus 0000:01: resource 1 [mem 0xfcf00000-0xfcffffff]
[    0.276005] pci_bus 0000:01: resource 2 [mem 0xd0000000-0xe01fffff 64bit pref]
[    0.276010] pci_bus 0000:02: resource 0 [io  0xd000-0xefff]
[    0.276014] pci_bus 0000:02: resource 1 [mem 0xfcb00000-0xfcdfffff]
[    0.276018] pci_bus 0000:03: resource 0 [io  0xd000-0xefff]
[    0.276022] pci_bus 0000:03: resource 1 [mem 0xfcb00000-0xfccfffff]
[    0.276026] pci_bus 0000:04: resource 0 [io  0xe000-0xefff]
[    0.276030] pci_bus 0000:04: resource 1 [mem 0xfcc00000-0xfccfffff]
[    0.276034] pci_bus 0000:05: resource 0 [io  0xd000-0xdfff]
[    0.276038] pci_bus 0000:05: resource 1 [mem 0xfcb00000-0xfcbfffff]
[    0.276042] pci_bus 0000:06: resource 1 [mem 0xfce00000-0xfcefffff]
[    0.276047] pci_bus 0000:07: resource 1 [mem 0xfc700000-0xfcafffff]
[    0.276205] pci 0000:01:00.1: D0 power state depends on 0000:01:00.0
[    0.276656] pci 0000:07:00.3: extending delay after power-on from D3hot to 20 msec
[    0.276769] pci 0000:07:00.4: extending delay after power-on from D3hot to 20 msec
[    0.276837] PCI: CLS 64 bytes, default 64
[    0.276857] pci 0000:00:00.2: AMD-Vi: IOMMU performance counters supported
[    0.276906] Trying to unpack rootfs image as initramfs...
[    0.276915] pci 0000:00:01.0: Adding to iommu group 0
[    0.276934] pci 0000:00:01.1: Adding to iommu group 1
[    0.276961] pci 0000:00:02.0: Adding to iommu group 2
[    0.276980] pci 0000:00:02.1: Adding to iommu group 3
[    0.276999] pci 0000:00:02.2: Adding to iommu group 4
[    0.277025] pci 0000:00:08.0: Adding to iommu group 5
[    0.277044] pci 0000:00:08.1: Adding to iommu group 6
[    0.277077] pci 0000:00:14.0: Adding to iommu group 7
[    0.277095] pci 0000:00:14.3: Adding to iommu group 7
[    0.277175] pci 0000:00:18.0: Adding to iommu group 8
[    0.277193] pci 0000:00:18.1: Adding to iommu group 8
[    0.277211] pci 0000:00:18.2: Adding to iommu group 8
[    0.277229] pci 0000:00:18.3: Adding to iommu group 8
[    0.277247] pci 0000:00:18.4: Adding to iommu group 8
[    0.277265] pci 0000:00:18.5: Adding to iommu group 8
[    0.277282] pci 0000:00:18.6: Adding to iommu group 8
[    0.277300] pci 0000:00:18.7: Adding to iommu group 8
[    0.277335] pci 0000:01:00.0: Adding to iommu group 9
[    0.277354] pci 0000:01:00.1: Adding to iommu group 9
[    0.277395] pci 0000:02:00.0: Adding to iommu group 10
[    0.277415] pci 0000:02:00.1: Adding to iommu group 10
[    0.277435] pci 0000:02:00.2: Adding to iommu group 10
[    0.277443] pci 0000:03:01.0: Adding to iommu group 10
[    0.277452] pci 0000:03:03.0: Adding to iommu group 10
[    0.277460] pci 0000:04:00.0: Adding to iommu group 10
[    0.277468] pci 0000:04:00.1: Adding to iommu group 10
[    0.277476] pci 0000:04:00.2: Adding to iommu group 10
[    0.277484] pci 0000:04:00.4: Adding to iommu group 10
[    0.277492] pci 0000:04:00.7: Adding to iommu group 10
[    0.277500] pci 0000:05:00.0: Adding to iommu group 10
[    0.277519] pci 0000:06:00.0: Adding to iommu group 11
[    0.277555] pci 0000:07:00.0: Adding to iommu group 12
[    0.277578] pci 0000:07:00.1: Adding to iommu group 13
[    0.277598] pci 0000:07:00.2: Adding to iommu group 14
[    0.277617] pci 0000:07:00.3: Adding to iommu group 15
[    0.277637] pci 0000:07:00.4: Adding to iommu group 16
[    0.277656] pci 0000:07:00.6: Adding to iommu group 17
[    0.280320] AMD-Vi: Extended features (0x206d73ef22254ade, 0x0): PPR X2APIC NX GT IA GA PC GA_vAPIC
[    0.280334] AMD-Vi: Interrupt remapping enabled
[    0.280337] AMD-Vi: X2APIC enabled
[    0.382779] Freeing initrd memory: 78776K
[    0.504556] AMD-Vi: Virtual APIC enabled
[    0.504571] PCI-DMA: Using software bounce buffering for IO (SWIOTLB)
[    0.504576] software IO TLB: mapped [mem 0x00000000ae31d000-0x00000000b231d000] (64MB)
[    0.504634] LVT offset 0 assigned for vector 0x400
[    0.504765] perf: AMD IBS detected (0x000003ff)
[    0.504785] perf/amd_iommu: Detected AMD IOMMU #0 (2 banks, 4 counters/bank).
[    0.505661] Initialise system trusted keyrings
[    0.505672] Key type blacklist registered
[    0.505711] workingset: timestamp_bits=36 max_order=23 bucket_order=0
[    0.505722] zbud: loaded
[    0.505987] squashfs: version 4.0 (2009/01/31) Phillip Lougher
[    0.506076] fuse: init (API version 7.39)
[    0.506195] integrity: Platform Keyring initialized
[    0.506201] integrity: Machine keyring initialized
[    0.514826] Key type asymmetric registered
[    0.514830] Asymmetric key parser 'x509' registered
[    0.514846] Block layer SCSI generic (bsg) driver version 0.4 loaded (major 243)
[    0.514894] io scheduler mq-deadline registered
[    0.515992] pcieport 0000:00:01.1: PME: Signaling with IRQ 30
[    0.516122] pcieport 0000:00:02.1: PME: Signaling with IRQ 31
[    0.516239] pcieport 0000:00:02.2: PME: Signaling with IRQ 32
[    0.516353] pcieport 0000:00:08.1: PME: Signaling with IRQ 33
[    0.516799] shpchp: Standard Hot Plug PCI Controller Driver version: 0.4
[    0.516961] input: Power Button as /devices/LNXSYSTM:00/LNXSYBUS:00/PNP0C0C:00/input/input0
[    0.516988] ACPI: button: Power Button [PWRB]
[    0.517027] input: Power Button as /devices/LNXSYSTM:00/LNXPWRBN:00/input/input1
[    0.517079] ACPI: button: Power Button [PWRF]
[    0.517153] Estimated ratio of average max frequency by base frequency (times 1024): 1155
[    0.517173] Monitor-Mwait will be used to enter C-1 state
[    0.517179] ACPI: \_SB_.PLTF.C000: Found 3 idle states
[    0.517301] ACPI: \_SB_.PLTF.C002: Found 3 idle states
[    0.517446] ACPI: \_SB_.PLTF.C004: Found 3 idle states
[    0.517581] ACPI: \_SB_.PLTF.C006: Found 3 idle states
[    0.517723] ACPI: \_SB_.PLTF.C008: Found 3 idle states
[    0.517864] ACPI: \_SB_.PLTF.C00A: Found 3 idle states
[    0.518006] ACPI: \_SB_.PLTF.C00C: Found 3 idle states
[    0.518109] ACPI: \_SB_.PLTF.C00E: Found 3 idle states
[    0.518215] ACPI: \_SB_.PLTF.C001: Found 3 idle states
[    0.518355] ACPI: \_SB_.PLTF.C003: Found 3 idle states
[    0.518492] ACPI: \_SB_.PLTF.C005: Found 3 idle states
[    0.518620] ACPI: \_SB_.PLTF.C007: Found 3 idle states
[    0.518754] ACPI: \_SB_.PLTF.C009: Found 3 idle states
[    0.518886] ACPI: \_SB_.PLTF.C00B: Found 3 idle states
[    0.519013] ACPI: \_SB_.PLTF.C00D: Found 3 idle states
[    0.519150] ACPI: \_SB_.PLTF.C00F: Found 3 idle states
[    0.519403] Serial: 8250/16550 driver, 32 ports, IRQ sharing enabled
[    0.540600] 00:05: ttyS0 at I/O 0x3f8 (irq = 4, base_baud = 115200) is a 16550A
[    0.563654] 00:06: ttyS1 at I/O 0x2f8 (irq = 3, base_baud = 115200) is a 16550A
[    0.588161] 0000:04:00.2: ttyS4 at I/O 0xe400 (irq = 24, base_baud = 115200) is a 16550A
[    0.588506] Linux agpgart interface v0.103
[    0.601597] tpm_crb MSFT0101:00: Disabling hwrng
[    0.605674] loop: module loaded
[    0.605889] ACPI: bus type drm_connector registered
[    0.606718] tun: Universal TUN/TAP device driver, 1.6
[    0.606761] PPP generic driver version 2.4.2
[    0.606885] i8042: PNP: No PS/2 controller found.
[    0.606936] mousedev: PS/2 mouse device common for all mice
[    0.607027] rtc_cmos 00:02: RTC can wake from S4
[    0.607059] ehci-pci 0000:04:00.4: EHCI Host Controller
[    0.607071] ehci-pci 0000:04:00.4: new USB bus registered, assigned bus number 1
[    0.607170] ehci-pci 0000:04:00.4: irq 38, io mem 0xfcc12000
[    0.607259] rtc_cmos 00:02: registered as rtc0
[    0.607291] rtc_cmos 00:02: setting system clock to 2026-02-20T07:52:35 UTC (1771573955)
[    0.607323] rtc_cmos 00:02: alarms up to one month, y3k, 114 bytes nvram
[    0.607334] i2c_dev: i2c /dev entries driver
[    0.607357] device-mapper: core: CONFIG_IMA_DISABLE_HTABLE is disabled. Duplicate IMA measurements will not be recorded in the IMA log.
[    0.607368] device-mapper: uevent: version 1.0.3
[    0.607418] device-mapper: ioctl: 4.48.0-ioctl (2023-03-01) initialised: dm-devel@redhat.com
[    0.608178] ledtrig-cpu: registered to indicate activity on CPUs
[    0.608486] [drm] Initialized simpledrm 1.0.0 20200625 for simple-framebuffer.0 on minor 0
[    0.613152] Console: switching to colour frame buffer device 240x67
[    0.614043] ehci-pci 0000:04:00.4: USB 3.0 started, EHCI 1.00
[    0.614139] usb usb1: New USB device found, idVendor=1d6b, idProduct=0002, bcdDevice= 6.08
[    0.614142] usb usb1: New USB device strings: Mfr=3, Product=2, SerialNumber=1
[    0.614144] usb usb1: Product: EHCI Host Controller
[    0.614146] usb usb1: Manufacturer: Linux 6.8.0-100-generic ehci_hcd
[    0.614147] usb usb1: SerialNumber: 0000:04:00.4
[    0.614264] hub 1-0:1.0: USB hub found
[    0.614283] hub 1-0:1.0: 3 ports detected
[    0.617087] simple-framebuffer simple-framebuffer.0: [drm] fb0: simpledrmdrmfb frame buffer device
[    0.617321] drop_monitor: Initializing network drop monitor service
[    0.617497] NET: Registered PF_INET6 protocol family
[    0.623969] Segment Routing with IPv6
[    0.623991] In-situ OAM (IOAM) with IPv6
[    0.624039] NET: Registered PF_PACKET protocol family
[    0.624102] Key type dns_resolver registered
[    0.625681] microcode: Current revision: 0x0a500011
[    0.625693] microcode: Updated early from: 0x0a50000d
[    0.626014] resctrl: L3 allocation detected
[    0.626025] resctrl: MB allocation detected
[    0.626039] resctrl: L3 monitoring detected
[    0.626091] IPI shorthand broadcast: enabled
[    0.628228] sched_clock: Marking stable (635029108, -6994230)->(652510720, -24475842)
[    0.628369] registered taskstats version 1
[    0.628922] Loading compiled-in X.509 certificates
[    0.629313] Loaded X.509 cert 'Build time autogenerated kernel key: 92f61851d2775f21569a0b719e9f310101092aa9'
[    0.629624] Loaded X.509 cert 'Canonical Ltd. Live Patch Signing 2025 Kmod: d541cef61dc7e793b7eb7e899970a2eef0b5dc8c'
[    0.629931] Loaded X.509 cert 'Canonical Ltd. Live Patch Signing: 14df34d1a87cf37625abec039ef2bf521249b969'
[    0.630241] Loaded X.509 cert 'Canonical Ltd. Kernel Module Signing: 88f752e560a1e0737e31163a466ad7b70a850c19'
[    0.630255] blacklist: Loading compiled-in revocation X.509 certificates
[    0.630280] Loaded X.509 cert 'Canonical Ltd. Secure Boot Signing: 61482aa2830d0ab2ad5af10b7250da9033ddcef0'
[    0.630303] Loaded X.509 cert 'Canonical Ltd. Secure Boot Signing (2017): 242ade75ac4a15e50d50c84b0d45ff3eae707a03'
[    0.630326] Loaded X.509 cert 'Canonical Ltd. Secure Boot Signing (ESM 2018): 365188c1d374d6b07c3c8f240f8ef722433d6a8b'
[    0.630350] Loaded X.509 cert 'Canonical Ltd. Secure Boot Signing (2019): c0746fd6c5da3ae827864651ad66ae47fe24b3e8'
[    0.630373] Loaded X.509 cert 'Canonical Ltd. Secure Boot Signing (2021 v1): a8d54bbb3825cfb94fa13c9f8a594a195c107b8d'
[    0.630397] Loaded X.509 cert 'Canonical Ltd. Secure Boot Signing (2021 v2): 4cf046892d6fd3c9a5b03f98d845f90851dc6a8c'
[    0.630421] Loaded X.509 cert 'Canonical Ltd. Secure Boot Signing (2021 v3): 100437bb6de6e469b581e61cd66bce3ef4ed53af'
[    0.630446] Loaded X.509 cert 'Canonical Ltd. Secure Boot Signing (Ubuntu Core 2019): c1d57b8f6b743f23ee41f4f7ee292f06eecadfb9'
[    0.635165] Key type .fscrypt registered
[    0.635195] Key type fscrypt-provisioning registered
[    0.635281] Key type trusted registered
[    0.640519] cryptd: max_cpu_qlen set to 1000
[    0.642966] AVX2 version of gcm_enc/dec engaged.
[    0.643423] AES CTR mode by8 optimization enabled
[    0.658028] Key type encrypted registered
[    0.658642] AppArmor: AppArmor sha256 policy hashing enabled
[    0.659300] integrity: Loading X.509 certificate: UEFI:db
[    0.660147] integrity: Loaded X.509 cert 'Microsoft Corporation UEFI CA 2011: 13adbf4309bd82709c8cd54f316ed522988a1bd4'
[    0.660675] integrity: Loading X.509 certificate: UEFI:db
[    0.661032] integrity: Loaded X.509 cert 'Microsoft Windows Production PCA 2011: a92902398e16c49778cd90f99e4f9ae17c55af53'
[    0.661421] integrity: Revoking X.509 certificate: UEFI:dbx
[    0.661780] blacklist: Revoked X.509 cert 'Canonical Ltd. Secure Boot Signing: 61482aa2830d0ab2ad5af10b7250da9033ddcef0'
[    0.662116] integrity: Revoking X.509 certificate: UEFI:dbx
[    0.662646] blacklist: Revoked X.509 cert 'Cisco: Virtual UEFI SubCA: 13df2e3f54ebf347dcaecebf21d3cbb2355a4c9a'
[    0.663017] integrity: Revoking X.509 certificate: UEFI:dbx
[    0.663387] blacklist: Revoked X.509 cert 'Debian Secure Boot Signer: 00a7468def'
[    0.664725] Loading compiled-in module X.509 certificates
[    0.665530] Loaded X.509 cert 'Build time autogenerated kernel key: 92f61851d2775f21569a0b719e9f310101092aa9'
[    0.665908] ima: Allocated hash algorithm: sha256
[    0.699283] ima: No architecture policies found
[    0.699875] evm: Initialising EVM extended attributes:
[    0.700400] evm: security.selinux
[    0.700880] evm: security.SMACK64
[    0.701292] evm: security.SMACK64EXEC
[    0.701673] evm: security.SMACK64TRANSMUTE
[    0.701994] evm: security.SMACK64MMAP
[    0.702310] evm: security.apparmor
[    0.702621] evm: security.ima
[    0.702930] evm: security.capability
[    0.703238] evm: HMAC attrs: 0x1
[    0.704226] PM:   Magic number: 14:557:875
[    0.704789] acpi STK0001B:00: hash matches
[    0.710710] RAS: Correctable Errors collector initialized.
[    0.711212] clk: Disabling unused clocks
[    0.713183] Freeing unused decrypted memory: 2028K
[    0.714291] Freeing unused kernel image (initmem) memory: 4920K
[    0.714734] Write protecting the kernel read-only data: 38912k
[    0.715586] Freeing unused kernel image (rodata/data gap) memory: 1984K
[    0.757312] x86/mm: Checked W+X mappings: passed, no W+X pages found.
[    0.757648] Run /init as init process
[    0.758150]   with arguments:
[    0.758152]     /init
[    0.758154]     splash
[    0.758156]   with environment:
[    0.758157]     HOME=/
[    0.758159]     TERM=linux
[    0.758160]     BOOT_IMAGE=/boot/vmlinuz-6.8.0-100-generic
[    0.889650] ACPI: video: Video Device [VGA] (multi-head: yes  rom: no  post: no)
[    0.891108] input: Video Bus as /devices/LNXSYSTM:00/LNXSYBUS:00/PNP0A08:00/device:09/LNXVIDEO:00/input/input2
[    0.892139] xhci_hcd 0000:02:00.0: xHCI Host Controller
[    0.893054] xhci_hcd 0000:02:00.0: new USB bus registered, assigned bus number 2
[    0.893914] ahci 0000:02:00.1: version 3.0
[    0.894170] ahci 0000:02:00.1: SSS flag set, parallel bus scan disabled
[    0.895189] ahci 0000:02:00.1: AHCI 0001.0301 32 slots 6 ports 6 Gbps 0x33 impl SATA mode
[    0.895993] ahci 0000:02:00.1: flags: 64bit ncq sntf stag pm led clo only pmp pio slum part sxs deso sadm sds apst 
[    0.897491] scsi host0: ahci
[    0.898468] scsi host1: ahci
[    0.899164] scsi host2: ahci
[    0.899822] scsi host3: ahci
[    0.900364] scsi host4: ahci
[    0.901085] scsi host5: ahci
[    0.901552] ata1: SATA max UDMA/133 abar m131072@0xfcd80000 port 0xfcd80100 irq 39 lpm-pol 0
[    0.901976] ata2: SATA max UDMA/133 abar m131072@0xfcd80000 port 0xfcd80180 irq 39 lpm-pol 0
[    0.902494] ata3: DUMMY
[    0.903085] ata4: DUMMY
[    0.903557] ata5: SATA max UDMA/133 abar m131072@0xfcd80000 port 0xfcd80300 irq 39 lpm-pol 0
[    0.904020] ata6: SATA max UDMA/133 abar m131072@0xfcd80000 port 0xfcd80380 irq 39 lpm-pol 0
[    0.908170] r8169 0000:04:00.1 eth0: RTL8168fp/RTL8117, 88:ae:dd:3a:f9:5d, XID 54a, IRQ 40
[    0.908825] r8169 0000:04:00.1 eth0: jumbo features [frames: 9194 bytes, tx checksumming: ko]
[    0.909314] r8169 0000:04:00.1 eth0: DASH disabled
[    0.948996] xhci_hcd 0000:02:00.0: hcc params 0x0200ef81 hci version 0x110 quirks 0x0000000000000010
[    0.951544] xhci_hcd 0000:02:00.0: xHCI Host Controller
[    0.951985] xhci_hcd 0000:02:00.0: new USB bus registered, assigned bus number 3
[    0.952445] xhci_hcd 0000:02:00.0: Host supports USB 3.1 Enhanced SuperSpeed
[    0.952985] usb usb2: New USB device found, idVendor=1d6b, idProduct=0002, bcdDevice= 6.08
[    0.953334] usb usb2: New USB device strings: Mfr=3, Product=2, SerialNumber=1
[    0.953672] usb usb2: Product: xHCI Host Controller
[    0.954006] usb usb2: Manufacturer: Linux 6.8.0-100-generic xhci-hcd
[    0.954351] usb usb2: SerialNumber: 0000:02:00.0
[    0.954863] hub 2-0:1.0: USB hub found
[    0.955218] hub 2-0:1.0: 9 ports detected
[    0.957347] usb usb3: We don't know the algorithms for LPM for this host, disabling LPM.
[    0.957725] usb usb3: New USB device found, idVendor=1d6b, idProduct=0003, bcdDevice= 6.08
[    0.958055] usb usb3: New USB device strings: Mfr=3, Product=2, SerialNumber=1
[    0.958383] usb usb3: Product: xHCI Host Controller
[    0.958704] usb usb3: Manufacturer: Linux 6.8.0-100-generic xhci-hcd
[    0.959018] usb usb3: SerialNumber: 0000:02:00.0
[    0.959495] hub 3-0:1.0: USB hub found
[    0.960065] hub 3-0:1.0: 3 ports detected
[    0.961207] xhci_hcd 0000:07:00.3: xHCI Host Controller
[    0.961535] xhci_hcd 0000:07:00.3: new USB bus registered, assigned bus number 4
[    0.961970] xhci_hcd 0000:07:00.3: hcc params 0x0268ffe5 hci version 0x110 quirks 0x0000020000000010
[    0.962618] xhci_hcd 0000:07:00.3: xHCI Host Controller
[    0.962941] xhci_hcd 0000:07:00.3: new USB bus registered, assigned bus number 5
[    0.963251] xhci_hcd 0000:07:00.3: Host supports USB 3.1 Enhanced SuperSpeed
[    0.963607] usb usb4: New USB device found, idVendor=1d6b, idProduct=0002, bcdDevice= 6.08
[    0.963921] usb usb4: New USB device strings: Mfr=3, Product=2, SerialNumber=1
[    0.964234] usb usb4: Product: xHCI Host Controller
[    0.964561] usb usb4: Manufacturer: Linux 6.8.0-100-generic xhci-hcd
[    0.964884] usb usb4: SerialNumber: 0000:07:00.3
[    0.965337] hub 4-0:1.0: USB hub found
[    0.965670] hub 4-0:1.0: 4 ports detected
[    0.966383] usb usb5: We don't know the algorithms for LPM for this host, disabling LPM.
[    0.966754] usb usb5: New USB device found, idVendor=1d6b, idProduct=0003, bcdDevice= 6.08
[    0.967087] usb usb5: New USB device strings: Mfr=3, Product=2, SerialNumber=1
[    0.967412] usb usb5: Product: xHCI Host Controller
[    0.967733] usb usb5: Manufacturer: Linux 6.8.0-100-generic xhci-hcd
[    0.968057] usb usb5: SerialNumber: 0000:07:00.3
[    0.968551] hub 5-0:1.0: USB hub found
[    0.969139] hub 5-0:1.0: 2 ports detected
[    0.970073] usb: port power management may be unreliable
[    0.970601] xhci_hcd 0000:07:00.4: xHCI Host Controller
[    0.971154] xhci_hcd 0000:07:00.4: new USB bus registered, assigned bus number 6
[    0.971736] xhci_hcd 0000:07:00.4: hcc params 0x0268ffe5 hci version 0x110 quirks 0x0000020000000010
[    0.972557] xhci_hcd 0000:07:00.4: xHCI Host Controller
[    0.972901] xhci_hcd 0000:07:00.4: new USB bus registered, assigned bus number 7
[    0.973222] xhci_hcd 0000:07:00.4: Host supports USB 3.1 Enhanced SuperSpeed
[    0.973583] usb usb6: New USB device found, idVendor=1d6b, idProduct=0002, bcdDevice= 6.08
[    0.973905] usb usb6: New USB device strings: Mfr=3, Product=2, SerialNumber=1
[    0.974219] usb usb6: Product: xHCI Host Controller
[    0.974532] usb usb6: Manufacturer: Linux 6.8.0-100-generic xhci-hcd
[    0.974851] usb usb6: SerialNumber: 0000:07:00.4
[    0.975306] hub 6-0:1.0: USB hub found
[    0.975629] hub 6-0:1.0: 4 ports detected
[    0.976508] usb usb7: We don't know the algorithms for LPM for this host, disabling LPM.
[    0.976865] usb usb7: New USB device found, idVendor=1d6b, idProduct=0003, bcdDevice= 6.08
[    0.977188] usb usb7: New USB device strings: Mfr=3, Product=2, SerialNumber=1
[    0.977512] usb usb7: Product: xHCI Host Controller
[    0.977830] usb usb7: Manufacturer: Linux 6.8.0-100-generic xhci-hcd
[    0.978147] usb usb7: SerialNumber: 0000:07:00.4
[    0.978575] hub 7-0:1.0: USB hub found
[    0.978910] hub 7-0:1.0: 2 ports detected
[    1.202305] usb 4-2: new full-speed USB device number 2 using xhci_hcd
[    1.213574] ata1: SATA link down (SStatus 0 SControl 330)
[    1.257202] usb 2-1: new low-speed USB device number 2 using xhci_hcd
[    1.352976] usb 4-2: New USB device found, idVendor=0bda, idProduct=c822, bcdDevice= 0.00
[    1.353589] usb 4-2: New USB device strings: Mfr=1, Product=2, SerialNumber=3
[    1.354032] usb 4-2: Product: Bluetooth Radio 
[    1.354374] usb 4-2: Manufacturer: Realtek 
[    1.354703] usb 4-2: SerialNumber: 00e04c000001
[    1.525636] ata2: SATA link down (SStatus 0 SControl 330)
[    1.560464] tsc: Refined TSC clocksource calibration: 3693.058 MHz
[    1.561308] clocksource: tsc: mask: 0xffffffffffffffff max_cycles: 0x6a7771888b2, max_idle_ns: 881591056419 ns
[    1.561727] clocksource: Switched to clocksource tsc
[    1.562092] usb 2-1: New USB device found, idVendor=30fa, idProduct=2031, bcdDevice= 1.00
[    1.562555] usb 2-1: New USB device strings: Mfr=2, Product=1, SerialNumber=0
[    1.563080] usb 2-1: Product: USB Keyboard
[    1.563479] usb 2-1: Manufacturer: INSTANT
[    1.750331] usb 2-2: new low-speed USB device number 3 using xhci_hcd
[    1.837894] ata5: SATA link down (SStatus 0 SControl 330)
[    2.049106] usb 2-2: New USB device found, idVendor=30fa, idProduct=0300, bcdDevice= 1.00
[    2.049801] usb 2-2: New USB device strings: Mfr=0, Product=1, SerialNumber=0
[    2.050139] usb 2-2: Product: USB Optical Mouse 
[    2.149527] ata6: SATA link down (SStatus 0 SControl 330)
[    2.153972] nvme nvme0: pci function 0000:06:00.0
[    2.155447] r8169 0000:04:00.1 enp4s0f1: renamed from eth0
[    2.161020] hid: raw HID events driver (C) Jiri Kosina
[    2.175391] nvme nvme0: Shutdown timeout set to 8 seconds
[    2.182293] nvme nvme0: allocated 64 MiB host memory buffer.
[    2.247747] nvme nvme0: 8/0/0 default/read/poll queues
[    2.251643]  nvme0n1: p1 p2 p3 p4 p5
[    2.291770] usbcore: registered new interface driver usbhid
[    2.292412] usbhid: USB HID core driver
[    2.294841] input: INSTANT USB Keyboard as /devices/pci0000:00/0000:00:02.1/0000:02:00.0/usb2/2-1/2-1:1.0/0003:30FA:2031.0001/input/input3
[    2.347577] hid-generic 0003:30FA:2031.0001: input,hidraw0: USB HID v1.10 Keyboard [INSTANT USB Keyboard] on usb-0000:02:00.0-1/input0
[    2.348651] input: INSTANT USB Keyboard Consumer Control as /devices/pci0000:00/0000:00:02.1/0000:02:00.0/usb2/2-1/2-1:1.1/0003:30FA:2031.0002/input/input4
[    2.401573] input: INSTANT USB Keyboard System Control as /devices/pci0000:00/0000:00:02.1/0000:02:00.0/usb2/2-1/2-1:1.1/0003:30FA:2031.0002/input/input5
[    2.402642] hid-generic 0003:30FA:2031.0002: input,hiddev0,hidraw1: USB HID v1.10 Device [INSTANT USB Keyboard] on usb-0000:02:00.0-1/input1
[    2.403603] input: USB Optical Mouse  as /devices/pci0000:00/0000:00:02.1/0000:02:00.0/usb2/2-2/2-2:1.0/0003:30FA:0300.0003/input/input6
[    2.404798] hid-generic 0003:30FA:0300.0003: input,hidraw2: USB HID v1.11 Mouse [USB Optical Mouse ] on usb-0000:02:00.0-2/input0
[    2.481008] raid6: avx2x4   gen() 49513 MB/s
[    2.498008] raid6: avx2x2   gen() 48812 MB/s
[    2.515008] raid6: avx2x1   gen() 36235 MB/s
[    2.515356] raid6: using algorithm avx2x4 gen() 49513 MB/s
[    2.532008] raid6: .... xor() 6827 MB/s, rmw enabled
[    2.532401] raid6: using avx2x2 recovery algorithm
[    2.533680] xor: automatically using best checksumming function   avx       
[    2.534921] async_tx: api initialized (async)
[    2.697828] Btrfs loaded, zoned=yes, fsverity=yes
[    2.745098] EXT4-fs (nvme0n1p5): mounted filesystem 8c89d5c6-fd10-46a5-a3cc-97a2bc02c8b5 ro with ordered data mode. Quota mode: none.
[    2.867890] systemd[1]: RTC configured in localtime, applying delta of -180 minutes to system time.
[    2.882993] systemd[1]: Inserted module 'autofs4'
[    2.897235] systemd[1]: systemd 255.4-1ubuntu8.12 running in system mode (+PAM +AUDIT +SELINUX +APPARMOR +IMA +SMACK +SECCOMP +GCRYPT -GNUTLS +OPENSSL +ACL +BLKID +CURL +ELFUTILS +FIDO2 +IDN2 -IDN +IPTC +KMOD +LIBCRYPTSETUP +LIBFDISK +PCRE2 -PWQUALITY +P11KIT +QRENCODE +TPM2 +BZIP2 +LZ4 +XZ +ZLIB +ZSTD -BPF_FRAMEWORK -XKBCOMMON +UTMP +SYSVINIT default-hierarchy=unified)
[    2.897248] systemd[1]: Detected architecture x86-64.
[    2.899128] systemd[1]: Hostname set to <tads-DC5A-S>.
[    3.125990] systemd[1]: Queued start job for default target graphical.target.
[    3.142861] systemd[1]: Created slice system-modprobe.slice - Slice /system/modprobe.
[    3.143353] systemd[1]: Created slice system-systemd\x2dfsck.slice - Slice /system/systemd-fsck.
[    3.143660] systemd[1]: Created slice user.slice - User and Session Slice.
[    3.143720] systemd[1]: Started systemd-ask-password-wall.path - Forward Password Requests to Wall Directory Watch.
[    3.143856] systemd[1]: Set up automount proc-sys-fs-binfmt_misc.automount - Arbitrary Executable File Formats File System Automount Point.
[    3.143881] systemd[1]: Expecting device dev-disk-by\x2duuid-EE1D\x2d2F74.device - /dev/disk/by-uuid/EE1D-2F74...
[    3.143903] systemd[1]: Reached target integritysetup.target - Local Integrity Protected Volumes.
[    3.143926] systemd[1]: Reached target nss-user-lookup.target - User and Group Name Lookups.
[    3.143941] systemd[1]: Reached target remote-fs.target - Remote File Systems.
[    3.143956] systemd[1]: Reached target slices.target - Slice Units.
[    3.143971] systemd[1]: Reached target swap.target - Swaps.
[    3.143990] systemd[1]: Reached target veritysetup.target - Local Verity Protected Volumes.
[    3.144068] systemd[1]: Listening on dm-event.socket - Device-mapper event daemon FIFOs.
[    3.144166] systemd[1]: Listening on lvm2-lvmpolld.socket - LVM2 poll daemon socket.
[    3.144257] systemd[1]: Listening on syslog.socket - Syslog Socket.
[    3.144983] systemd[1]: Listening on systemd-coredump.socket - Process Core Dump Socket.
[    3.145072] systemd[1]: Listening on systemd-fsckd.socket - fsck to fsckd communication Socket.
[    3.145126] systemd[1]: Listening on systemd-initctl.socket - initctl Compatibility Named Pipe.
[    3.145214] systemd[1]: Listening on systemd-journald-dev-log.socket - Journal Socket (/dev/log).
[    3.145316] systemd[1]: Listening on systemd-journald.socket - Journal Socket.
[    3.145358] systemd[1]: systemd-pcrextend.socket - TPM2 PCR Extension (Varlink) was skipped because of an unmet condition check (ConditionSecurity=measured-uki).
[    3.145567] systemd[1]: Listening on systemd-udevd-control.socket - udev Control Socket.
[    3.145652] systemd[1]: Listening on systemd-udevd-kernel.socket - udev Kernel Socket.
[    3.146485] systemd[1]: Mounting dev-hugepages.mount - Huge Pages File System...
[    3.147175] systemd[1]: Mounting dev-mqueue.mount - POSIX Message Queue File System...
[    3.147786] systemd[1]: Mounting sys-kernel-debug.mount - Kernel Debug File System...
[    3.148425] systemd[1]: Mounting sys-kernel-tracing.mount - Kernel Trace File System...
[    3.149707] systemd[1]: Starting systemd-journald.service - Journal Service...
[    3.149787] systemd[1]: Finished blk-availability.service - Availability of block devices.
[    3.150680] systemd[1]: Starting keyboard-setup.service - Set the console keyboard layout...
[    3.151499] systemd[1]: Starting kmod-static-nodes.service - Create List of Static Device Nodes...
[    3.152166] systemd[1]: Starting lvm2-monitor.service - Monitoring of LVM2 mirrors, snapshots etc. using dmeventd or progress polling...
[    3.152923] systemd[1]: Starting modprobe@configfs.service - Load Kernel Module configfs...
[    3.153632] systemd[1]: Starting modprobe@dm_mod.service - Load Kernel Module dm_mod...
[    3.154414] systemd[1]: Starting modprobe@drm.service - Load Kernel Module drm...
[    3.155588] systemd[1]: Starting modprobe@efi_pstore.service - Load Kernel Module efi_pstore...
[    3.156433] systemd[1]: Starting modprobe@fuse.service - Load Kernel Module fuse...
[    3.157284] systemd[1]: Starting modprobe@loop.service - Load Kernel Module loop...
[    3.157398] systemd[1]: systemd-fsck-root.service - File System Check on Root Device was skipped because of an unmet condition check (ConditionPathExists=!/run/initramfs/fsck-root).
[    3.158982] systemd[1]: Starting systemd-modules-load.service - Load Kernel Modules...
[    3.159040] systemd[1]: systemd-pcrmachine.service - TPM2 PCR Machine ID Measurement was skipped because of an unmet condition check (ConditionSecurity=measured-uki).
[    3.159854] systemd[1]: Starting systemd-remount-fs.service - Remount Root and Kernel File Systems...
[    3.159902] systemd[1]: systemd-tpm2-setup-early.service - TPM2 SRK Setup (Early) was skipped because of an unmet condition check (ConditionSecurity=measured-uki).
[    3.160665] systemd[1]: Starting systemd-udev-trigger.service - Coldplug All udev Devices...
[    3.161667] pstore: Using crash dump compression: deflate
[    3.162152] systemd[1]: Mounted dev-hugepages.mount - Huge Pages File System.
[    3.162274] systemd[1]: Mounted dev-mqueue.mount - POSIX Message Queue File System.
[    3.162370] systemd[1]: Mounted sys-kernel-debug.mount - Kernel Debug File System.
[    3.162461] systemd[1]: Mounted sys-kernel-tracing.mount - Kernel Trace File System.
[    3.162696] systemd[1]: Finished kmod-static-nodes.service - Create List of Static Device Nodes.
[    3.162773] systemd-journald[432]: Collecting audit messages is disabled.
[    3.162926] pstore: Registered efi_pstore as persistent store backend
[    3.162937] systemd[1]: modprobe@configfs.service: Deactivated successfully.
[    3.163083] systemd[1]: Finished modprobe@configfs.service - Load Kernel Module configfs.
[    3.163316] systemd[1]: modprobe@dm_mod.service: Deactivated successfully.
[    3.163606] systemd[1]: Finished modprobe@dm_mod.service - Load Kernel Module dm_mod.
[    3.164034] systemd[1]: modprobe@drm.service: Deactivated successfully.
[    3.164192] systemd[1]: Finished modprobe@drm.service - Load Kernel Module drm.
[    3.164560] systemd[1]: modprobe@efi_pstore.service: Deactivated successfully.
[    3.164761] systemd[1]: Finished modprobe@efi_pstore.service - Load Kernel Module efi_pstore.
[    3.165131] systemd[1]: modprobe@fuse.service: Deactivated successfully.
[    3.165319] systemd[1]: Finished modprobe@fuse.service - Load Kernel Module fuse.
[    3.165670] systemd[1]: modprobe@loop.service: Deactivated successfully.
[    3.165854] systemd[1]: Finished modprobe@loop.service - Load Kernel Module loop.
[    3.166965] systemd[1]: Mounting sys-fs-fuse-connections.mount - FUSE Control File System...
[    3.167905] systemd[1]: Mounting sys-kernel-config.mount - Kernel Configuration File System...
[    3.167976] systemd[1]: systemd-repart.service - Repartition Root Disk was skipped because no trigger condition checks were met.
[    3.168842] systemd[1]: Starting systemd-tmpfiles-setup-dev-early.service - Create Static Device Nodes in /dev gracefully...
[    3.171894] systemd[1]: Mounted sys-fs-fuse-connections.mount - FUSE Control File System.
[    3.172662] systemd[1]: Mounted sys-kernel-config.mount - Kernel Configuration File System.
[    3.174868] lp: driver loaded but no devices found
[    3.177613] ppdev: user-space parallel port driver
[    3.179587] parport_pc 00:04: reported by Plug and Play ACPI
[    3.179677] parport0: PC-style at 0x378, irq 5 [PCSPP,TRISTATE,EPP]
[    3.181579] EXT4-fs (nvme0n1p5): re-mounted 8c89d5c6-fd10-46a5-a3cc-97a2bc02c8b5 r/w.
[    3.182603] systemd[1]: Finished systemd-remount-fs.service - Remount Root and Kernel File Systems.
[    3.183013] systemd[1]: systemd-hwdb-update.service - Rebuild Hardware Database was skipped because of an unmet condition check (ConditionNeedsUpdate=/etc).
[    3.183045] systemd[1]: systemd-pstore.service - Platform Persistent Storage Archival was skipped because of an unmet condition check (ConditionDirectoryNotEmpty=/sys/fs/pstore).
[    3.183853] systemd[1]: Starting systemd-random-seed.service - Load/Save OS Random Seed...
[    3.183877] systemd[1]: systemd-tpm2-setup.service - TPM2 SRK Setup was skipped because of an unmet condition check (ConditionSecurity=measured-uki).
[    3.185415] systemd[1]: Finished systemd-tmpfiles-setup-dev-early.service - Create Static Device Nodes in /dev gracefully.
[    3.185541] systemd[1]: systemd-sysusers.service - Create System Users was skipped because no trigger condition checks were met.
[    3.186364] systemd[1]: Starting systemd-tmpfiles-setup-dev.service - Create Static Device Nodes in /dev...
[    3.191530] systemd[1]: Finished keyboard-setup.service - Set the console keyboard layout.
[    3.192914] systemd[1]: Finished systemd-random-seed.service - Load/Save OS Random Seed.
[    3.195551] systemd[1]: Finished systemd-tmpfiles-setup-dev.service - Create Static Device Nodes in /dev.
[    3.196643] systemd[1]: Starting systemd-udevd.service - Rule-based Manager for Device Events and Files...
[    3.203061] systemd[1]: Finished lvm2-monitor.service - Monitoring of LVM2 mirrors, snapshots etc. using dmeventd or progress polling.
[    3.203154] systemd[1]: Reached target local-fs-pre.target - Preparation for Local File Systems.
[    3.215980] systemd[1]: Started systemd-journald.service - Journal Service.
[    3.222901] systemd-journald[432]: Received client request to flush runtime journal.
[    3.232408] systemd-journald[432]: /var/log/journal/b7113f13fad146d4ac1c2ba769d29537/system.journal: Journal file uses a different sequence number ID, rotating.
[    3.232412] systemd-journald[432]: Rotating system journal.
[    3.268175] lp0: using parport0 (interrupt-driven).
[    3.391537] IPMI message handler: version 39.2
[    3.394923] ipmi device interface
[    3.395435] ACPI Warning: SystemIO range 0x0000000000000B00-0x0000000000000B08 conflicts with OpRegion 0x0000000000000A30-0x0000000000000B2F (\ECIO) (20230628/utaddress-204)
[    3.395443] ACPI: OSL: Resource conflict; ACPI support missing from driver?
[    3.404499] ipmi_si: IPMI System Interface driver
[    3.404615] ipmi_si: Unable to find any System Interface(s)
[    3.422396] ccp 0000:07:00.2: ccp: unable to access the device: you might be running a broken BIOS.
[    3.423541] ccp 0000:07:00.2: tee enabled
[    3.423627] ccp 0000:07:00.2: psp enabled
[    3.461690] cfg80211: Loading compiled-in X.509 certificates for regulatory database
[    3.461972] Loaded X.509 cert 'sforshee: 00b28ddf47aef9cea7'
[    3.462228] Loaded X.509 cert 'wens: 61c038651aabdcf94bd0ac7ff06c7248db18c600'
[    3.464655] RAPL PMU: API unit is 2^-32 Joules, 1 fixed counters, 163840 ms ovfl timer
[    3.464658] RAPL PMU: hw unit of domain package 2^-16 Joules
[    3.497965] audit: type=1400 audit(1771584758.389:2): apparmor="STATUS" operation="profile_load" profile="unconfined" name=4D6F6E676F444220436F6D70617373 pid=649 comm="apparmor_parser"
[    3.497973] audit: type=1400 audit(1771584758.389:3): apparmor="STATUS" operation="profile_load" profile="unconfined" name="crun" pid=660 comm="apparmor_parser"
[    3.497977] audit: type=1400 audit(1771584758.389:4): apparmor="STATUS" operation="profile_load" profile="unconfined" name="chrome" pid=658 comm="apparmor_parser"
[    3.498026] audit: type=1400 audit(1771584758.389:5): apparmor="STATUS" operation="profile_load" profile="unconfined" name="brave" pid=652 comm="apparmor_parser"
[    3.498068] audit: type=1400 audit(1771584758.390:6): apparmor="STATUS" operation="profile_load" profile="unconfined" name="balena-etcher" pid=651 comm="apparmor_parser"
[    3.498103] audit: type=1400 audit(1771584758.390:7): apparmor="STATUS" operation="profile_load" profile="unconfined" name="Discord" pid=648 comm="apparmor_parser"
[    3.498148] audit: type=1400 audit(1771584758.390:8): apparmor="STATUS" operation="profile_load" profile="unconfined" name="1password" pid=647 comm="apparmor_parser"
[    3.498188] audit: type=1400 audit(1771584758.390:9): apparmor="STATUS" operation="profile_load" profile="unconfined" name="ch-run" pid=657 comm="apparmor_parser"
[    3.498229] audit: type=1400 audit(1771584758.390:10): apparmor="STATUS" operation="profile_load" profile="unconfined" name="ch-checkns" pid=656 comm="apparmor_parser"
[    3.517211] Bluetooth: Core ver 2.22
[    3.517241] NET: Registered PF_BLUETOOTH protocol family
[    3.517243] Bluetooth: HCI device and connection manager initialized
[    3.517248] Bluetooth: HCI socket layer initialized
[    3.517251] Bluetooth: L2CAP socket layer initialized
[    3.517258] Bluetooth: SCO socket layer initialized
[    3.604916] snd_hda_intel 0000:01:00.1: Handle vga_switcheroo audio client
[    3.604921] snd_hda_intel 0000:01:00.1: Force to non-snoop mode
[    3.610478] kvm_amd: TSC scaling supported
[    3.610483] kvm_amd: Nested Virtualization enabled
[    3.610485] kvm_amd: Nested Paging enabled
[    3.610487] kvm_amd: LBR virtualization supported
[    3.610510] kvm_amd: Virtual VMLOAD VMSAVE supported
[    3.610512] kvm_amd: Virtual GIF supported
[    3.614403] usbcore: registered new interface driver btusb
[    3.617343] input: HDA ATI HDMI HDMI/DP,pcm=3 as /devices/pci0000:00/0000:00:01.1/0000:01:00.1/sound/card0/input7
[    3.617603] input: HD-Audio Generic HDMI/DP,pcm=3 as /devices/pci0000:00/0000:00:08.1/0000:07:00.1/sound/card1/input12
[    3.617619] Bluetooth: hci0: RTL: examining hci_ver=0a hci_rev=000c lmp_ver=0a lmp_subver=8822
[    3.618004] input: HDA ATI HDMI HDMI/DP,pcm=7 as /devices/pci0000:00/0000:00:01.1/0000:01:00.1/sound/card0/input8
[    3.618269] input: HDA ATI HDMI HDMI/DP,pcm=8 as /devices/pci0000:00/0000:00:01.1/0000:01:00.1/sound/card0/input9
[    3.618353] input: HD-Audio Generic HDMI/DP,pcm=7 as /devices/pci0000:00/0000:00:08.1/0000:07:00.1/sound/card1/input13
[    3.618436] input: HDA ATI HDMI HDMI/DP,pcm=9 as /devices/pci0000:00/0000:00:01.1/0000:01:00.1/sound/card0/input10
[    3.618610] input: HD-Audio Generic HDMI/DP,pcm=8 as /devices/pci0000:00/0000:00:08.1/0000:07:00.1/sound/card1/input14
[    3.618712] input: HDA ATI HDMI HDMI/DP,pcm=10 as /devices/pci0000:00/0000:00:01.1/0000:01:00.1/sound/card0/input11
[    3.618759] input: HD-Audio Generic HDMI/DP,pcm=9 as /devices/pci0000:00/0000:00:08.1/0000:07:00.1/sound/card1/input15
[    3.618960] input: HD-Audio Generic HDMI/DP,pcm=10 as /devices/pci0000:00/0000:00:08.1/0000:07:00.1/sound/card1/input16
[    3.619127] input: HD-Audio Generic HDMI/DP,pcm=11 as /devices/pci0000:00/0000:00:08.1/0000:07:00.1/sound/card1/input17
[    3.619615] Bluetooth: hci0: RTL: rom_version status=0 version=3
[    3.619620] Bluetooth: hci0: RTL: loading rtl_bt/rtl8822cu_fw.bin
[    3.621211] Bluetooth: hci0: RTL: loading rtl_bt/rtl8822cu_config.bin
[    3.621736] Bluetooth: hci0: RTL: cfg_sz 6, total sz 35990
[    3.623725] MCE: In-kernel MCE decoding enabled.
[    3.631298] rtw_8822ce 0000:05:00.0: enabling device (0400 -> 0403)
[    3.635626] rtw_8822ce 0000:05:00.0: WOW Firmware version 9.9.4, H2C version 15
[    3.636544] rtw_8822ce 0000:05:00.0: Firmware version 9.9.15, H2C version 15
[    3.654643] snd_hda_codec_realtek hdaudioC2D0: autoconfig for ALC897: line_outs=1 (0x14/0x0/0x0/0x0/0x0) type:line
[    3.654650] snd_hda_codec_realtek hdaudioC2D0:    speaker_outs=1 (0x15/0x0/0x0/0x0/0x0)
[    3.654653] snd_hda_codec_realtek hdaudioC2D0:    hp_outs=1 (0x1b/0x0/0x0/0x0/0x0)
[    3.654655] snd_hda_codec_realtek hdaudioC2D0:    mono: mono_out=0x0
[    3.654657] snd_hda_codec_realtek hdaudioC2D0:    inputs:
[    3.654660] snd_hda_codec_realtek hdaudioC2D0:      Rear Mic=0x18
[    3.654662] snd_hda_codec_realtek hdaudioC2D0:      Front Mic=0x19
[    3.654664] snd_hda_codec_realtek hdaudioC2D0:      Line=0x1a
[    3.674944] input: HD-Audio Generic Rear Mic as /devices/pci0000:00/0000:00:08.1/0000:07:00.6/sound/card2/input18
[    3.675034] input: HD-Audio Generic Front Mic as /devices/pci0000:00/0000:00:08.1/0000:07:00.6/sound/card2/input19
[    3.675100] input: HD-Audio Generic Line as /devices/pci0000:00/0000:00:08.1/0000:07:00.6/sound/card2/input20
[    3.675161] input: HD-Audio Generic Line Out as /devices/pci0000:00/0000:00:08.1/0000:07:00.6/sound/card2/input21
[    3.675222] input: HD-Audio Generic Front Headphone as /devices/pci0000:00/0000:00:08.1/0000:07:00.6/sound/card2/input22
[    3.722345] intel_rapl_common: Found RAPL domain package
[    3.722351] intel_rapl_common: Found RAPL domain core
[    3.722725] rtw_8822ce 0000:05:00.0 wlp5s0: renamed from wlan0
[    4.239616] Bluetooth: hci0: RTL: fw version 0x0cc6d2e3
[    4.347619] Bluetooth: hci0: AOSP extensions version v1.00
[    4.347622] Bluetooth: hci0: AOSP quality report is supported
[    5.415678] Bluetooth: BNEP (Ethernet Emulation) ver 1.3
[    5.415683] Bluetooth: BNEP filters: protocol multicast
[    5.415690] Bluetooth: BNEP socket layer initialized
[    5.417139] Bluetooth: MGMT ver 1.22
[    5.421089] NET: Registered PF_ALG protocol family
[    5.421819] [drm] amdgpu kernel modesetting enabled.
[    5.437172] amdgpu: Virtual CRAT table created for CPU
[    5.437191] amdgpu: Topology: Add CPU node
[    5.437300] amdgpu 0000:01:00.0: enabling device (0006 -> 0007)
[    5.437365] [drm] initializing kernel modesetting (POLARIS12 0x1002:0x699F 0x1002:0x0B04 0xC7).
[    5.437376] [drm] register mmio base: 0xFCF00000
[    5.437377] [drm] register mmio size: 262144
[    5.437421] [drm] add ip block number 0 <vi_common>
[    5.437423] [drm] add ip block number 1 <gmc_v8_0>
[    5.437425] [drm] add ip block number 2 <tonga_ih>
[    5.437426] [drm] add ip block number 3 <gfx_v8_0>
[    5.437428] [drm] add ip block number 4 <sdma_v3_0>
[    5.437430] [drm] add ip block number 5 <powerplay>
[    5.437431] [drm] add ip block number 6 <dm>
[    5.437433] [drm] add ip block number 7 <uvd_v6_0>
[    5.437434] [drm] add ip block number 8 <vce_v3_0>
[    5.437450] amdgpu 0000:01:00.0: amdgpu: Fetched VBIOS from VFCT
[    5.437453] amdgpu: ATOM BIOS: xxx-xxx-xxx
[    5.440641] [drm] UVD is enabled in VM mode
[    5.440644] [drm] UVD ENC is enabled in VM mode
[    5.440648] [drm] VCE enabled in VM mode
[    5.445230] Console: switching to colour dummy device 80x25
[    5.457624] amdgpu 0000:01:00.0: vgaarb: deactivate vga console
[    5.457631] amdgpu 0000:01:00.0: amdgpu: Trusted Memory Zone (TMZ) feature not supported
[    5.457750] [drm] vm size is 128 GB, 2 levels, block size is 10-bit, fragment size is 9-bit
[    5.458293] amdgpu 0000:01:00.0: amdgpu: VRAM: 4096M 0x000000F400000000 - 0x000000F4FFFFFFFF (4096M used)
[    5.458298] amdgpu 0000:01:00.0: amdgpu: GART: 256M 0x000000FF00000000 - 0x000000FF0FFFFFFF
[    5.458311] [drm] Detected VRAM RAM=4096M, BAR=256M
[    5.458313] [drm] RAM width 128bits GDDR5
[    5.458425] [drm] amdgpu: 4096M of VRAM memory ready
[    5.458427] [drm] amdgpu: 15977M of GTT memory ready.
[    5.458455] [drm] GART: num cpu pages 65536, num gpu pages 65536
[    5.460059] [drm] PCIE GART of 256M enabled (table at 0x000000F400800000).
[    5.463715] [drm] Chained IB support enabled!
[    5.467483] amdgpu: hwmgr_sw_init smu backed is polaris10_smu
[    5.469795] [drm] Found UVD firmware Version: 1.130 Family ID: 16
[    5.471665] [drm] Found VCE firmware Version: 53.26 Binary ID: 3
[    5.489549] NET: Registered PF_QIPCRTR protocol family
[    5.572822] [drm] Display Core v3.2.266 initialized on DCE 11.2
[    5.576347] snd_hda_intel 0000:01:00.1: bound 0000:01:00.0 (ops amdgpu_dm_audio_component_bind_ops [amdgpu])
[    5.697660] [drm] UVD and UVD ENC initialized successfully.
[    5.798586] [drm] VCE initialized successfully.
[    5.799927] kfd kfd: amdgpu: Allocated 3969056 bytes on gart
[    5.799939] kfd kfd: amdgpu: Total number of KFD nodes to be created: 1
[    5.800032] amdgpu: Virtual CRAT table created for GPU
[    5.800089] amdgpu: Topology: Add dGPU node [0x699f:0x1002]
[    5.800091] kfd kfd: amdgpu: added device 1002:699f
[    5.800107] amdgpu 0000:01:00.0: amdgpu: SE 2, SH per SE 1, CU per SH 5, active_cu_number 8
[    5.896025] Generic FE-GE Realtek PHY r8169-0-401:00: attached PHY driver (mii_bus:phy_addr=r8169-0-401:00, irq=MAC)
[    6.020420] r8169 0000:04:00.1 enp4s0f1: Link is Down
[    6.059664] amdgpu 0000:01:00.0: amdgpu: Using BACO for runtime pm
[    6.060339] [drm] Initialized amdgpu 3.57.0 20150101 for 0000:01:00.0 on minor 1
[    6.070184] fbcon: amdgpudrmfb (fb0) is primary device
[    6.070257] Console: switching to colour frame buffer device 240x67
[    6.070264] amdgpu 0000:01:00.0: [drm] fb0: amdgpudrmfb frame buffer device
[    6.998059] kauditd_printk_skb: 116 callbacks suppressed
[    6.998063] audit: type=1400 audit(1771584761.890:127): apparmor="DENIED" operation="capable" class="cap" profile="/usr/sbin/cupsd" pid=1153 comm="cupsd" capability=12  capname="net_admin"
[    8.563825] Bluetooth: RFCOMM TTY layer initialized
[    8.563833] Bluetooth: RFCOMM socket layer initialized
[    8.563839] Bluetooth: RFCOMM ver 1.11
[    9.125298] r8169 0000:04:00.1 enp4s0f1: Link is Up - 1Gbps/Full - flow control off
[   10.983105] wlp5s0: authenticate with b8:69:f4:d4:28:03 (local address=48:8f:4c:fe:6f:a0)
[   11.161931] wlp5s0: send auth to b8:69:f4:d4:28:03 (try 1/3)
[   11.165253] wlp5s0: authenticated
[   11.166031] wlp5s0: associate with b8:69:f4:d4:28:03 (try 1/3)
[   11.171763] wlp5s0: RX AssocResp from b8:69:f4:d4:28:03 (capab=0x431 status=0 aid=1)
[   11.172056] wlp5s0: associated
[   16.940823] audit: type=1400 audit(1771584771.832:128): apparmor="STATUS" operation="profile_load" profile="unconfined" name="docker-default" pid=1434 comm="apparmor_parser"
[   16.973711] evm: overlay not supported
[   17.335341] Initializing XFRM netlink socket
[   17.349801] bridge: filtering via arp/ip/ip6tables is no longer available by default. Update your scripts to load br_netfilter if you need this.
[   27.569642] systemd-journald[432]: /var/log/journal/b7113f13fad146d4ac1c2ba769d29537/user-1001.journal: Journal file uses a different sequence number ID, rotating.
[   33.625362] r8169 0000:04:00.1 enp4s0f1: Link is Down
[   37.168758] r8169 0000:04:00.1 enp4s0f1: Link is Up - 1Gbps/Full - flow control off
[   38.522311] r8169 0000:04:00.1 enp4s0f1: Link is Down
[   42.034185] r8169 0000:04:00.1 enp4s0f1: Link is Up - 1Gbps/Full - flow control off
[   47.445801] r8169 0000:04:00.1 enp4s0f1: Link is Down
[   55.026657] r8169 0000:04:00.1 enp4s0f1: Link is Up - 1Gbps/Full - flow control off
[   55.750499] r8169 0000:04:00.1 enp4s0f1: Link is Down
[   59.253992] r8169 0000:04:00.1 enp4s0f1: Link is Up - 1Gbps/Full - flow control off
[  181.488101] warning: `ThreadPoolForeg' uses wireless extensions which will stop working for Wi-Fi 7 hardware; use nl80211
[  566.526117] r8169 0000:04:00.1 enp4s0f1: Link is Down
[  580.928579] Generic FE-GE Realtek PHY r8169-0-401:00: Downshift occurred from negotiated speed 1Gbps to actual speed 100Mbps, check cabling!
[  580.928599] r8169 0000:04:00.1 enp4s0f1: Link is Up - 100Mbps/Full (downshifted) - flow control off
[ 3843.086361] docker0: port 1(veth2bce19f) entered blocking state
[ 3843.086368] docker0: port 1(veth2bce19f) entered disabled state
[ 3843.086380] veth2bce19f: entered allmulticast mode
[ 3843.086505] veth2bce19f: entered promiscuous mode
[ 3843.090180] eth0: renamed from vethb4887e0
[ 3843.110938] docker0: port 1(veth2bce19f) entered blocking state
[ 3843.110944] docker0: port 1(veth2bce19f) entered forwarding state
